Component: ARM Compiler 5.06 update 2 (build 183) Tool: armlink [4d35b7]

==============================================================================

Section Cross References

    startup_stm32f10x_md.o(STACK) refers (Special) to heapauxi.o(.text) for __use_two_region_memory
    startup_stm32f10x_md.o(HEAP) refers (Special) to heapauxi.o(.text) for __use_two_region_memory
    startup_stm32f10x_md.o(RESET) refers (Special) to heapauxi.o(.text) for __use_two_region_memory
    startup_stm32f10x_md.o(RESET) refers to startup_stm32f10x_md.o(STACK) for __initial_sp
    startup_stm32f10x_md.o(RESET) refers to startup_stm32f10x_md.o(.text) for Reset_Handler
    startup_stm32f10x_md.o(RESET) refers to stm32f10x_it.o(.text) for NMI_Handler
    startup_stm32f10x_md.o(RESET) refers to encod.o(.text) for EXTI0_IRQHandler
    startup_stm32f10x_md.o(RESET) refers to uwb.o(.text) for USART2_IRQHandler
    startup_stm32f10x_md.o(.text) refers (Special) to heapauxi.o(.text) for __use_two_region_memory
    startup_stm32f10x_md.o(.text) refers to system_stm32f10x.o(.text) for SystemInit
    startup_stm32f10x_md.o(.text) refers to __main.o(!!!main) for __main
    startup_stm32f10x_md.o(.text) refers to startup_stm32f10x_md.o(HEAP) for Heap_Mem
    startup_stm32f10x_md.o(.text) refers to startup_stm32f10x_md.o(STACK) for Stack_Mem
    stm32f10x_adc.o(.text) refers to stm32f10x_rcc.o(.text) for RCC_APB2PeriphResetCmd
    stm32f10x_bkp.o(.text) refers to stm32f10x_rcc.o(.text) for RCC_BackupResetCmd
    stm32f10x_can.o(.text) refers to stm32f10x_rcc.o(.text) for RCC_APB1PeriphResetCmd
    stm32f10x_cec.o(.text) refers to stm32f10x_rcc.o(.text) for RCC_APB1PeriphResetCmd
    stm32f10x_dac.o(.text) refers to stm32f10x_rcc.o(.text) for RCC_APB1PeriphResetCmd
    stm32f10x_gpio.o(.text) refers to stm32f10x_rcc.o(.text) for RCC_APB2PeriphResetCmd
    stm32f10x_i2c.o(.text) refers to stm32f10x_rcc.o(.text) for RCC_APB1PeriphResetCmd
    stm32f10x_pwr.o(.text) refers to stm32f10x_rcc.o(.text) for RCC_APB1PeriphResetCmd
    stm32f10x_rcc.o(.text) refers to stm32f10x_rcc.o(.data) for APBAHBPrescTable
    stm32f10x_spi.o(.text) refers to stm32f10x_rcc.o(.text) for RCC_APB2PeriphResetCmd
    stm32f10x_tim.o(.text) refers to stm32f10x_rcc.o(.text) for RCC_APB2PeriphResetCmd
    stm32f10x_usart.o(.text) refers to stm32f10x_rcc.o(.text) for RCC_APB2PeriphResetCmd
    stm32f10x_wwdg.o(.text) refers to stm32f10x_rcc.o(.text) for RCC_APB1PeriphResetCmd
    beep.o(.text) refers to stm32f10x_rcc.o(.text) for RCC_APB2PeriphClockCmd
    beep.o(.text) refers to stm32f10x_gpio.o(.text) for GPIO_Init
    beep.o(.text) refers to delay.o(.text) for Delay_ms
    common.o(.text) refers to rt_memclr_w.o(.text) for __aeabi_memclr4
    led.o(.text) refers to stm32f10x_rcc.o(.text) for RCC_APB2PeriphClockCmd
    led.o(.text) refers to stm32f10x_gpio.o(.text) for GPIO_Init
    led.o(.text) refers to delay.o(.text) for Delay_ms
    timer.o(.text) refers to stm32f10x_iwdg.o(.text) for IWDG_WriteAccessCmd
    timer.o(.text) refers to misc.o(.text) for NVIC_PriorityGroupConfig
    timer.o(.text) refers to stm32f10x_rcc.o(.text) for RCC_APB2PeriphClockCmd
    timer.o(.text) refers to stm32f10x_tim.o(.text) for TIM_DeInit
    motor4.o(.text) refers to stm32f10x_rcc.o(.text) for RCC_APB2PeriphClockCmd
    motor4.o(.text) refers to stm32f10x_gpio.o(.text) for GPIO_Init
    motor4.o(.text) refers to fflt_clz.o(x$fpl$fflt) for __aeabi_i2f
    motor4.o(.text) refers to fmul.o(x$fpl$fmul) for __aeabi_fmul
    motor4.o(.text) refers to faddsub_clz.o(x$fpl$fadd) for __aeabi_fadd
    motor4.o(.text) refers to ffix.o(x$fpl$ffix) for __aeabi_f2iz
    motor4.o(.text) refers to motor4.o(.data) for Pwm_A
    motor4.o(.text) refers to encod.o(.text) for Read_Encoder
    encod.o(.text) refers to stm32f10x_rcc.o(.text) for RCC_APB1PeriphClockCmd
    encod.o(.text) refers to stm32f10x_gpio.o(.text) for GPIO_Init
    encod.o(.text) refers to stm32f10x_tim.o(.text) for TIM_TimeBaseStructInit
    encod.o(.text) refers to stm32f10x_exti.o(.text) for EXTI_Init
    encod.o(.text) refers to misc.o(.text) for NVIC_Init
    encod.o(.text) refers to encod.o(.data) for Encoder_A_EXTI
    uwb.o(.text) refers to rt_memclr_w.o(.text) for __aeabi_memclr4
    uwb.o(.text) refers to osal.o(.text) for osal_CreateQueue
    uwb.o(.text) refers to rt_memcpy_w.o(.text) for __aeabi_memcpy4
    uwb.o(.text) refers to stm32f10x_usart.o(.text) for USART_GetITStatus
    uwb.o(.text) refers to rt_memcpy_v6.o(.text) for __aeabi_memcpy
    uwb.o(.text) refers to uwb.o(.bss) for rx_uart_flag
    uwb.o(.text) refers to uwb.o(.data) for Res
    osal.o(.text) refers to _printf_pad.o(.text) for _printf_pre_padding
    osal.o(.text) refers to _printf_percent.o(.ARM.Collect$$_printf_percent$$00000000) for _printf_percent
    osal.o(.text) refers to _printf_x.o(.ARM.Collect$$_printf_percent$$0000000C) for _printf_x
[...]
    _printf_p                                0x080001a7   Thumb Code     0  _printf_p.o(.ARM.Collect$$_printf_percent$$00000002)
    _printf_f                                0x080001ad   Thumb Code     0  _printf_f.o(.ARM.Collect$$_printf_percent$$00000003)
    _printf_e                                0x080001b3   Thumb Code     0  _printf_e.o(.ARM.Collect$$_printf_percent$$00000004)
    _printf_g                                0x080001b9   Thumb Code     0  _printf_g.o(.ARM.Collect$$_printf_percent$$00000005)
    _printf_a                                0x080001bf   Thumb Code     0  _printf_a.o(.ARM.Collect$$_printf_percent$$00000006)
    _printf_ll                               0x080001c5   Thumb Code     0  _printf_ll.o(.ARM.Collect$$_printf_percent$$00000007)
    _printf_i                                0x080001cf   Thumb Code     0  _printf_i.o(.ARM.Collect$$_printf_percent$$00000008)
    _printf_d                                0x080001d5   Thumb Code     0  _printf_d.o(.ARM.Collect$$_printf_percent$$00000009)
    _printf_u                                0x080001db   Thumb Code     0  _printf_u.o(.ARM.Collect$$_printf_percent$$0000000A)
    _printf_o                                0x080001e1   Thumb Code     0  _printf_o.o(.ARM.Collect$$_printf_percent$$0000000B)
    _printf_x                                0x080001e7   Thumb Code     0  _printf_x.o(.ARM.Collect$$_printf_percent$$0000000C)
    _printf_lli                              0x080001ed   Thumb Code     0  _printf_lli.o(.ARM.Collect$$_printf_percent$$0000000D)
    _printf_lld                              0x080001f3   Thumb Code     0  _printf_lld.o(.ARM.Collect$$_printf_percent$$0000000E)
    _printf_llu                              0x080001f9   Thumb Code     0  _printf_llu.o(.ARM.Collect$$_printf_percent$$0000000F)
    _printf_llo                              0x080001ff   Thumb Code     0  _printf_llo.o(.ARM.Collect$$_printf_percent$$00000010)
    _printf_llx                              0x08000205   Thumb Code     0  _printf_llx.o(.ARM.Collect$$_printf_percent$$00000011)
    _printf_l                                0x0800020b   Thumb Code     0  _printf_l.o(.ARM.Collect$$_printf_percent$$00000012)
    _printf_c                                0x08000215   Thumb Code     0  _printf_c.o(.ARM.Collect$$_printf_percent$$00000013)
    _printf_s                                0x0800021b   Thumb Code     0  _printf_s.o(.ARM.Collect$$_printf_percent$$00000014)
    _printf_lc                               0x08000221   Thumb Code     0  _printf_lc.o(.ARM.Collect$$_printf_percent$$00000015)
    _printf_ls                               0x08000227   Thumb Code     0  _printf_ls.o(.ARM.Collect$$_printf_percent$$00000016)
    _printf_percent_end                      0x0800022d   Thumb Code     0  _printf_percent_end.o(.ARM.Collect$$_printf_percent$$00000017)
    __rt_lib_init                            0x08000231   Thumb Code     0  libinit.o(.ARM.Collect$$libinit$$00000000)
    __rt_lib_init_fp_1                       0x08000233   Thumb Code     0  libinit2.o(.ARM.Collect$$libinit$$00000002)
    __rt_lib_init_heap_1                     0x08000233   Thumb Code     0  libinit2.o(.ARM.Collect$$libinit$$0000000A)
    __rt_lib_init_lc_common                  0x08000233   Thumb Code     0  libinit2.o(.ARM.Collect$$libinit$$0000000F)
    __rt_lib_init_preinit_1                  0x08000233   Thumb Code     0  libinit2.o(.ARM.Collect$$libinit$$00000004)
    __rt_lib_init_rand_1                     0x08000233   Thumb Code     0  libinit2.o(.ARM.Collect$$libinit$$0000000E)
    __rt_lib_init_user_alloc_1               0x08000233   Thumb Code     0  libinit2.o(.ARM.Collect$$libinit$$0000000C)
    __rt_lib_init_lc_collate_1               0x08000239   Thumb Code     0  libinit2.o(.ARM.Collect$$libinit$$00000011)
    __rt_lib_init_lc_ctype_2                 0x08000239   Thumb Code     0  libinit2.o(.ARM.Collect$$libinit$$00000012)
    __rt_lib_init_lc_ctype_1                 0x08000245   Thumb Code     0  libinit2.o(.ARM.Collect$$libinit$$00000013)
    __rt_lib_init_lc_monetary_1              0x08000245   Thumb Code     0  libinit2.o(.ARM.Collect$$libinit$$00000015)
    __rt_lib_init_lc_numeric_2               0x08000245   Thumb Code     0  libinit2.o(.ARM.Collect$$libinit$$00000016)
    __rt_lib_init_alloca_1                   0x0800024f   Thumb Code     0  libinit2.o(.ARM.Collect$$libinit$$0000002E)
    __rt_lib_init_argv_1                     0x0800024f   Thumb Code     0  libinit2.o(.ARM.Collect$$libinit$$0000002C)
    __rt_lib_init_atexit_1                   0x0800024f   Thumb Code     0  libinit2.o(.ARM.Collect$$libinit$$0000001B)
    __rt_lib_init_clock_1                    0x0800024f   Thumb Code     0  libinit2.o(.ARM.Collect$$libinit$$00000021)
    __rt_lib_init_cpp_1                      0x0800024f   Thumb Code     0  libinit2.o(.ARM.Collect$$libinit$$00000032)
    __rt_lib_init_exceptions_1               0x0800024f   Thumb Code     0  libinit2.o(.ARM.Collect$$libinit$$00000030)
    __rt_lib_init_fp_trap_1                  0x0800024f   Thumb Code     0  libinit2.o(.ARM.Collect$$libinit$$0000001F)
    __rt_lib_init_getenv_1                   0x0800024f   Thumb Code     0  libinit2.o(.ARM.Collect$$libinit$$00000023)
    __rt_lib_init_lc_numeric_1               0x0800024f   Thumb Code     0  libinit2.o(.ARM.Collect$$libinit$$00000017)
    __rt_lib_init_lc_time_1                  0x0800024f   Thumb Code     0  libinit2.o(.ARM.Collect$$libinit$$00000019)
    __rt_lib_init_return                     0x0800024f   Thumb Code     0  libinit2.o(.ARM.Collect$$libinit$$00000033)
    __rt_lib_init_signal_1                   0x0800024f   Thumb Code     0  libinit2.o(.ARM.Collect$$libinit$$0000001D)
    __rt_lib_init_stdio_1                    0x0800024f   Thumb Code     0  libinit2.o(.ARM.Collect$$libinit$$00000025)
    __rt_lib_shutdown                        0x08000251   Thumb Code     0  libshutdown.o(.ARM.Collect$$libshutdown$$00000000)
    __rt_lib_shutdown_cpp_1                  0x08000253   Thumb Code     0  libshutdown2.o(.ARM.Collect$$libshutdown$$00000002)
    __rt_lib_shutdown_fp_trap_1              0x08000253   Thumb Code     0  libshutdown2.o(.ARM.Collect$$libshutdown$$00000007)
    __rt_lib_shutdown_heap_1                 0x08000253   Thumb Code     0  libshutdown2.o(.ARM.Collect$$libshutdown$$0000000F)
    __rt_lib_shutdown_return                 0x08000253   Thumb Code     0  libshutdown2.o(.ARM.Collect$$libshutdown$$00000010)
    __rt_lib_shutdown_signal_1               0x08000253   Thumb Code     0  libshutdown2.o(.ARM.Collect$$libshutdown$$0000000A)
    __rt_lib_shutdown_stdio_1                0x08000253   Thumb Code     0  libshutdown2.o(.ARM.Collect$$libshutdown$$00000004)
    __rt_lib_shutdown_user_alloc_1           0x08000253   Thumb Code     0  libshutdown2.o(.ARM.Collect$$libshutdown$$0000000C)
    __rt_entry                               0x08000255   Thumb Code     0  __rtentry.o(.ARM.Collect$$rtentry$$00000000)
    __rt_entry_presh_1                       0x08000255   Thumb Code     0  __rtentry2.o(.ARM.Collect$$rtentry$$00000002)
    __rt_entry_sh                            0x08000255   Thumb Code     0  __rtentry4.o(.ARM.Collect$$rtentry$$00000004)
    __rt_entry_li                            0x0800025b   Thumb Code     0  __rtentry2.o(.ARM.Collect$$rtentry$$0000000A)
    __rt_entry_postsh_1                      0x0800025b   Thumb Code     0  __rtentry2.o(.ARM.Collect$$rtentry$$00000009)
    __rt_entry_main                          0x0800025f   Thumb Code     0  __rtentry2.o(.ARM.Collect$$rtentry$$0000000D)
    __rt_entry_postli_1                      0x0800025f   Thumb Code     0  __rtentry2.o(.ARM.Collect$$rtentry$$0000000C)
    __rt_exit                                0x08000267   Thumb Code     0  rtexit.o(.ARM.Collect$$rtexit$$00000000)
    __rt_exit_ls                             0x08000269   Thumb Code     0  rtexit2.o(.ARM.Collect$$rtexit$$00000003)
    __rt_exit_prels_1                        0x08000269   Thumb Code     0  rtexit2.o(.ARM.Collect$$rtexit$$00000002)
    __rt_exit_exit                           0x0800026d   Thumb Code     0  rtexit2.o(.ARM.Collect$$rtexit$$00000004)
    Reset_Handler                            0x08000275   Thumb Code     8  startup_stm32f10x_md.o(.text)
    ADC1_2_IRQHandler                        0x0800028f   Thumb Code     0  startup_stm32f10x_md.o(.text)
    CAN1_RX1_IRQHandler                      0x0800028f   Thumb Code     0  startup_stm32f10x_md.o(.text)
    CAN1_SCE_IRQHandler                      0x0800028f   Thumb Code     0  startup_stm32f10x_md.o(.text)
    DMA1_Channel1_IRQHandler                 0x0800028f   Thumb Code     0  startup_stm32f10x_md.o(.text)
    DMA1_Channel2_IRQHandler                 0x0800028f   Thumb Code     0  startup_stm32f10x_md.o(.text)
    DMA1_Channel3_IRQHandler                 0x0800028f   Thumb Code     0  startup_stm32f10x_md.o(.text)
    DMA1_Channel4_IRQHandler                 0x0800028f   Thumb Code     0  startup_stm32f10x_md.o(.text)
    DMA1_Channel5_IRQHandler                 0x0800028f   Thumb Code     0  startup_stm32f10x_md.o(.text)
    DMA1_Channel6_IRQHandler                 0x0800028f   Thumb Code     0  startup_stm32f10x_md.o(.text)
    DMA1_Channel7_IRQHandler                 0x0800028f   Thumb Code     0  startup_stm32f10x_md.o(.text)
    EXTI15_10_IRQHandler                     0x0800028f   Thumb Code     0  startup_stm32f10x_md.o(.text)
    EXTI4_IRQHandler                         0x0800028f   Thumb Code     0  startup_stm32f10x_md.o(.text)
    FLASH_IRQHandler                         0x0800028f   Thumb Code     0  startup_stm32f10x_md.o(.text)
    I2C1_ER_IRQHandler                       0x0800028f   Thumb Code     0  startup_stm32f10x_md.o(.text)
    I2C1_EV_IRQHandler                       0x0800028f   Thumb Code     0  startup_stm32f10x_md.o(.text)
    I2C2_ER_IRQHandler                       0x0800028f   Thumb Code     0  startup_stm32f10x_md.o(.text)
    I2C2_EV_IRQHandler                       0x0800028f   Thumb Code     0  startup_stm32f10x_md.o(.text)
    PVD_IRQHandler                           0x0800028f   Thumb Code     0  startup_stm32f10x_md.o(.text)
    RCC_IRQHandler                           0x0800028f   Thumb Code     0  startup_stm32f10x_md.o(.text)
    RTCAlarm_IRQHandler                      0x0800028f   Thumb Code     0  startup_stm32f10x_md.o(.text)
    RTC_IRQHandler                           0x0800028f   Thumb Code     0  startup_stm32f10x_md.o(.text)
    SPI1_IRQHandler                          0x0800028f   Thumb Code     0  startup_stm32f10x_md.o(.text)
    SPI2_IRQHandler                          0x0800028f   Thumb Code     0  startup_stm32f10x_md.o(.text)
    TAMPER_IRQHandler                        0x0800028f   Thumb Code     0  startup_stm32f10x_md.o(.text)
    TIM1_BRK_IRQHandler                      0x0800028f   Thumb Code     0  startup_stm32f10x_md.o(.text)
    TIM1_CC_IRQHandler                       0x0800028f   Thumb Code     0  startup_stm32f10x_md.o(.text)
    TIM1_TRG_COM_IRQHandler                  0x0800028f   Thumb Code     0  startup_stm32f10x_md.o(.text)
    USART1_IRQHandler                        0x0800028f   Thumb Code     0  startup_stm32f10x_md.o(.text)
    USART3_IRQHandler                        0x0800028f   Thumb Code     0  startup_stm32f10x_md.o(.text)
    USBWakeUp_IRQHandler                     0x0800028f   Thumb Code     0  startup_stm32f10x_md.o(.text)
    USB_HP_CAN1_TX_IRQHandler                0x0800028f   Thumb Code     0  startup_stm32f10x_md.o(.text)
    USB_LP_CAN1_RX0_IRQHandler               0x0800028f   Thumb Code     0  startup_stm32f10x_md.o(.text)
    WWDG_IRQHandler                          0x0800028f   Thumb Code     0  startup_stm32f10x_md.o(.text)
    __user_initial_stackheap                 0x08000291   Thumb Code     0  startup_stm32f10x_md.o(.text)
    NVIC_PriorityGroupConfig                 0x080002b5   Thumb Code    10  misc.o(.text)
    NVIC_Init                                0x080002bf   Thumb Code   100  misc.o(.text)
    NVIC_SetVectorTable                      0x08000323   Thumb Code    14  misc.o(.text)
    NVIC_SystemLPConfig                      0x08000331   Thumb Code    34  misc.o(.text)
    SysTick_CLKSourceConfig                  0x08000353   Thumb Code    40  misc.o(.text)
    DMA_DeInit                               0x08000391   Thumb Code   324  stm32f10x_dma.o(.text)
    DMA_Init                                 0x080004d5   Thumb Code    60  stm32f10x_dma.o(.text)
    DMA_StructInit                           0x08000511   Thumb Code    26  stm32f10x_dma.o(.text)
    DMA_Cmd                                  0x0800052b   Thumb Code    24  stm32f10x_dma.o(.text)
    DMA_ITConfig                             0x08000543   Thumb Code    18  stm32f10x_dma.o(.text)
    DMA_SetCurrDataCounter                   0x08000555   Thumb Code     4  stm32f10x_dma.o(.text)
    DMA_GetCurrDataCounter                   0x08000559   Thumb Code     8  stm32f10x_dma.o(.text)
    DMA_GetFlagStatus                        0x08000561   Thumb Code    40  stm32f10x_dma.o(.text)
    DMA_ClearFlag                            0x08000589   Thumb Code    22  stm32f10x_dma.o(.text)
    DMA_GetITStatus                          0x0800059f   Thumb Code    40  stm32f10x_dma.o(.text)
    DMA_ClearITPendingBit                    0x080005c7   Thumb Code    22  stm32f10x_dma.o(.text)
    EXTI_DeInit                              0x080005e5   Thumb Code    28  stm32f10x_exti.o(.text)
    EXTI_Init                                0x08000601   Thumb Code   142  stm32f10x_exti.o(.text)
    EXTI_StructInit                          0x0800068f   Thumb Code    16  stm32f10x_exti.o(.text)
    EXTI_GenerateSWInterrupt                 0x0800069f   Thumb Code    16  stm32f10x_exti.o(.text)
    EXTI_GetFlagStatus                       0x080006af   Thumb Code    22  stm32f10x_exti.o(.text)
    EXTI_ClearFlag                           0x080006c5   Thumb Code     8  stm32f10x_exti.o(.text)
    EXTI_GetITStatus                         0x080006cd   Thumb Code    34  stm32f10x_exti.o(.text)
    EXTI_ClearITPendingBit                   0x080006ef   Thumb Code     8  stm32f10x_exti.o(.text)
    GPIO_DeInit                              0x08000701   Thumb Code   172  stm32f10x_gpio.o(.text)
    GPIO_AFIODeInit                          0x080007ad   Thumb Code    20  stm32f10x_gpio.o(.text)
    GPIO_Init                                0x080007c1   Thumb Code   278  stm32f10x_gpio.o(.text)
    GPIO_StructInit                          0x080008d7   Thumb Code    16  stm32f10x_gpio.o(.text)
    GPIO_ReadInputDataBit                    0x080008e7   Thumb Code    18  stm32f10x_gpio.o(.text)
    GPIO_ReadInputData                       0x080008f9   Thumb Code     8  stm32f10x_gpio.o(.text)
    GPIO_ReadOutputDataBit                   0x08000901   Thumb Code    18  stm32f10x_gpio.o(.text)
    GPIO_ReadOutputData                      0x08000913   Thumb Code     8  stm32f10x_gpio.o(.text)
    GPIO_SetBits                             0x0800091b   Thumb Code     4  stm32f10x_gpio.o(.text)
    GPIO_ResetBits                           0x0800091f   Thumb Code     4  stm32f10x_gpio.o(.text)
    GPIO_WriteBit                            0x08000923   Thumb Code    10  stm32f10x_gpio.o(.text)
    GPIO_Write                               0x0800092d   Thumb Code     4  stm32f10x_gpio.o(.text)
    GPIO_PinLockConfig                       0x08000931   Thumb Code    18  stm32f10x_gpio.o(.text)
    GPIO_EventOutputConfig                   0x08000943   Thumb Code    26  stm32f10x_gpio.o(.text)
    GPIO_EventOutputCmd                      0x0800095d   Thumb Code     6  stm32f10x_gpio.o(.text)
    GPIO_PinRemapConfig                      0x08000963   Thumb Code   138  stm32f10x_gpio.o(.text)
    GPIO_EXTILineConfig                      0x080009ed   Thumb Code    66  stm32f10x_gpio.o(.text)
    GPIO_ETH_MediaInterfaceConfig            0x08000a2f   Thumb Code     8  stm32f10x_gpio.o(.text)
    I2C_DeInit                               0x08000a5d   Thumb Code    50  stm32f10x_i2c.o(.text)
    I2C_Init                                 0x08000a8f   Thumb Code   222  stm32f10x_i2c.o(.text)
    I2C_StructInit                           0x08000b6d   Thumb Code    30  stm32f10x_i2c.o(.text)
    I2C_Cmd                                  0x08000b8b   Thumb Code    24  stm32f10x_i2c.o(.text)
    I2C_DMACmd                               0x08000ba3   Thumb Code    24  stm32f10x_i2c.o(.text)
    I2C_DMALastTransferCmd                   0x08000bbb   Thumb Code    24  stm32f10x_i2c.o(.text)
    I2C_GenerateSTART                        0x08000bd3   Thumb Code    24  stm32f10x_i2c.o(.text)
    I2C_GenerateSTOP                         0x08000beb   Thumb Code    24  stm32f10x_i2c.o(.text)
    I2C_AcknowledgeConfig                    0x08000c03   Thumb Code    24  stm32f10x_i2c.o(.text)
    I2C_OwnAddress2Config                    0x08000c1b   Thumb Code    22  stm32f10x_i2c.o(.text)
    I2C_DualAddressCmd                       0x08000c31   Thumb Code    24  stm32f10x_i2c.o(.text)
    I2C_GeneralCallCmd                       0x08000c49   Thumb Code    24  stm32f10x_i2c.o(.text)
    I2C_ITConfig                             0x08000c61   Thumb Code    18  stm32f10x_i2c.o(.text)
    I2C_SendData                             0x08000c73   Thumb Code     4  stm32f10x_i2c.o(.text)
    I2C_ReceiveData                          0x08000c77   Thumb Code     8  stm32f10x_i2c.o(.text)
    I2C_Send7bitAddress                      0x08000c7f   Thumb Code    18  stm32f10x_i2c.o(.text)
    I2C_ReadRegister                         0x08000c91   Thumb Code    22  stm32f10x_i2c.o(.text)
    I2C_SoftwareResetCmd                     0x08000ca7   Thumb Code    22  stm32f10x_i2c.o(.text)
    I2C_NACKPositionConfig                   0x08000cbd   Thumb Code    28  stm32f10x_i2c.o(.text)
    I2C_SMBusAlertConfig                     0x08000cd9   Thumb Code    28  stm32f10x_i2c.o(.text)
    I2C_TransmitPEC                          0x08000cf5   Thumb Code    24  stm32f10x_i2c.o(.text)
    I2C_PECPositionConfig                    0x08000d0d   Thumb Code    28  stm32f10x_i2c.o(.text)
    I2C_CalculatePEC                         0x08000d29   Thumb Code    24  stm32f10x_i2c.o(.text)
    I2C_GetPEC                               0x08000d41   Thumb Code     8  stm32f10x_i2c.o(.text)
    I2C_ARPCmd                               0x08000d49   Thumb Code    24  stm32f10x_i2c.o(.text)
    I2C_StretchClockCmd                      0x08000d61   Thumb Code    24  stm32f10x_i2c.o(.text)
    I2C_FastModeDutyCycleConfig              0x08000d79   Thumb Code    28  stm32f10x_i2c.o(.text)
    I2C_CheckEvent                           0x08000d95   Thumb Code    42  stm32f10x_i2c.o(.text)
    I2C_GetLastEvent                         0x08000dbf   Thumb Code    26  stm32f10x_i2c.o(.text)
    I2C_GetFlagStatus                        0x08000dd9   Thumb Code    58  stm32f10x_i2c.o(.text)
    I2C_ClearFlag                            0x08000e13   Thumb Code    12  stm32f10x_i2c.o(.text)
    I2C_GetITStatus                          0x08000e1f   Thumb Code    54  stm32f10x_i2c.o(.text)
    I2C_ClearITPendingBit                    0x08000e55   Thumb Code    12  stm32f10x_i2c.o(.text)
    IWDG_WriteAccessCmd                      0x08000e61   Thumb Code     6  stm32f10x_iwdg.o(.text)
    IWDG_SetPrescaler                        0x08000e67   Thumb Code     6  stm32f10x_iwdg.o(.text)
    IWDG_SetReload                           0x08000e6d   Thumb Code     6  stm32f10x_iwdg.o(.text)
    IWDG_ReloadCounter                       0x08000e73   Thumb Code    10  stm32f10x_iwdg.o(.text)
    IWDG_Enable                              0x08000e7d   Thumb Code    10  stm32f10x_iwdg.o(.text)
    IWDG_GetFlagStatus                       0x08000e87   Thumb Code    20  stm32f10x_iwdg.o(.text)
    RCC_DeInit                               0x08000ea1   Thumb Code    64  stm32f10x_rcc.o(.text)
    RCC_HSEConfig                            0x08000ee1   Thumb Code    70  stm32f10x_rcc.o(.text)
    RCC_GetFlagStatus                        0x08000f27   Thumb Code    56  stm32f10x_rcc.o(.text)
    RCC_WaitForHSEStartUp                    0x08000f5f   Thumb Code    56  stm32f10x_rcc.o(.text)
    RCC_AdjustHSICalibrationValue            0x08000f97   Thumb Code    20  stm32f10x_rcc.o(.text)
    RCC_HSICmd                               0x08000fab   Thumb Code     6  stm32f10x_rcc.o(.text)
    RCC_PLLConfig                            0x08000fb1   Thumb Code    24  stm32f10x_rcc.o(.text)
    RCC_PLLCmd                               0x08000fc9   Thumb Code     6  stm32f10x_rcc.o(.text)
    RCC_SYSCLKConfig                         0x08000fcf   Thumb Code    18  stm32f10x_rcc.o(.text)
    RCC_GetSYSCLKSource                      0x08000fe1   Thumb Code    10  stm32f10x_rcc.o(.text)
    RCC_HCLKConfig                           0x08000feb   Thumb Code    18  stm32f10x_rcc.o(.text)
    RCC_PCLK1Config                          0x08000ffd   Thumb Code    18  stm32f10x_rcc.o(.text)
    RCC_PCLK2Config                          0x0800100f   Thumb Code    20  stm32f10x_rcc.o(.text)
    RCC_ITConfig                             0x08001023   Thumb Code    26  stm32f10x_rcc.o(.text)
    RCC_USBCLKConfig                         0x0800103d   Thumb Code     8  stm32f10x_rcc.o(.text)
    RCC_ADCCLKConfig                         0x08001045   Thumb Code    18  stm32f10x_rcc.o(.text)
    RCC_LSEConfig                            0x08001057   Thumb Code    50  stm32f10x_rcc.o(.text)
    RCC_LSICmd                               0x08001089   Thumb Code     6  stm32f10x_rcc.o(.text)
    RCC_RTCCLKConfig                         0x0800108f   Thumb Code    12  stm32f10x_rcc.o(.text)
    RCC_RTCCLKCmd                            0x0800109b   Thumb Code     8  stm32f10x_rcc.o(.text)
    RCC_GetClocksFreq                        0x080010a3   Thumb Code   192  stm32f10x_rcc.o(.text)
    RCC_AHBPeriphClockCmd                    0x08001163   Thumb Code    26  stm32f10x_rcc.o(.text)
    RCC_APB2PeriphClockCmd                   0x0800117d   Thumb Code    26  stm32f10x_rcc.o(.text)
    RCC_APB1PeriphClockCmd                   0x08001197   Thumb Code    26  stm32f10x_rcc.o(.text)
    RCC_APB2PeriphResetCmd                   0x080011b1   Thumb Code    26  stm32f10x_rcc.o(.text)
    RCC_APB1PeriphResetCmd                   0x080011cb   Thumb Code    26  stm32f10x_rcc.o(.text)
    RCC_BackupResetCmd                       0x080011e5   Thumb Code     8  stm32f10x_rcc.o(.text)
    RCC_ClockSecuritySystemCmd               0x080011ed   Thumb Code     6  stm32f10x_rcc.o(.text)
    RCC_MCOConfig                            0x080011f3   Thumb Code     6  stm32f10x_rcc.o(.text)
    RCC_ClearFlag                            0x080011f9   Thumb Code    14  stm32f10x_rcc.o(.text)
    RCC_GetITStatus                          0x08001207   Thumb Code    20  stm32f10x_rcc.o(.text)
    RCC_ClearITPendingBit                    0x0800121b   Thumb Code     6  stm32f10x_rcc.o(.text)
    TIM_DeInit                               0x08001245   Thumb Code   424  stm32f10x_tim.o(.text)
    TIM_TimeBaseInit                         0x080013ed   Thumb Code   122  stm32f10x_tim.o(.text)
    TIM_OC1Init                              0x08001467   Thumb Code   132  stm32f10x_tim.o(.text)
    TIM_OC2Init                              0x080014eb   Thumb Code   154  stm32f10x_tim.o(.text)
    TIM_OC3Init                              0x08001585   Thumb Code   150  stm32f10x_tim.o(.text)
    TIM_OC4Init                              0x0800161b   Thumb Code   182  stm32f10x_tim.o(.text)
    TIM_SetIC4Prescaler                      0x080016d1   Thumb Code    26  stm32f10x_tim.o(.text)
    TIM_SetIC3Prescaler                      0x0800176d   Thumb Code    18  stm32f10x_tim.o(.text)
    TIM_SetIC2Prescaler                      0x080017f9   Thumb Code    26  stm32f10x_tim.o(.text)
    TIM_SetIC1Prescaler                      0x08001895   Thumb Code    18  stm32f10x_tim.o(.text)
    TIM_ICInit                               0x08001913   Thumb Code   150  stm32f10x_tim.o(.text)
    TIM_PWMIConfig                           0x080019a9   Thumb Code   124  stm32f10x_tim.o(.text)
    TIM_BDTRConfig                           0x08001a25   Thumb Code    32  stm32f10x_tim.o(.text)
    TIM_TimeBaseStructInit                   0x08001a45   Thumb Code    18  stm32f10x_tim.o(.text)
    TIM_OCStructInit                         0x08001a57   Thumb Code    20  stm32f10x_tim.o(.text)
    TIM_ICStructInit                         0x08001a6b   Thumb Code    18  stm32f10x_tim.o(.text)
    TIM_BDTRStructInit                       0x08001a7d   Thumb Code    40  stm32f10x_tim.o(.text)
    TIM_Cmd                                  0x08001aa5   Thumb Code    24  stm32f10x_tim.o(.text)
    TIM_CtrlPWMOutputs                       0x08001abd   Thumb Code    30  stm32f10x_tim.o(.text)
    TIM_ITConfig                             0x08001adb   Thumb Code    18  stm32f10x_tim.o(.text)
    TIM_GenerateEvent                        0x08001aed   Thumb Code     4  stm32f10x_tim.o(.text)
    TIM_DMAConfig                            0x08001af1   Thumb Code    10  stm32f10x_tim.o(.text)
    TIM_DMACmd                               0x08001afb   Thumb Code    18  stm32f10x_tim.o(.text)
    TIM_InternalClockConfig                  0x08001b0d   Thumb Code    12  stm32f10x_tim.o(.text)
    TIM_SelectInputTrigger                   0x08001b19   Thumb Code    18  stm32f10x_tim.o(.text)
    TIM_ITRxExternalClockConfig              0x08001b2b   Thumb Code    24  stm32f10x_tim.o(.text)
    TIM_TIxExternalClockConfig               0x08001b43   Thumb Code    62  stm32f10x_tim.o(.text)
    TIM_ETRConfig                            0x08001b81   Thumb Code    28  stm32f10x_tim.o(.text)
    TIM_ETRClockMode1Config                  0x08001b9d   Thumb Code    54  stm32f10x_tim.o(.text)
    TIM_ETRClockMode2Config                  0x08001bd3   Thumb Code    32  stm32f10x_tim.o(.text)
    TIM_PrescalerConfig                      0x08001bf3   Thumb Code     6  stm32f10x_tim.o(.text)
    TIM_CounterModeConfig                    0x08001bf9   Thumb Code    18  stm32f10x_tim.o(.text)
    TIM_EncoderInterfaceConfig               0x08001c0b   Thumb Code    66  stm32f10x_tim.o(.text)
    TIM_ForcedOC1Config                      0x08001c4d   Thumb Code    18  stm32f10x_tim.o(.text)
    TIM_ForcedOC2Config                      0x08001c5f   Thumb Code    26  stm32f10x_tim.o(.text)
    TIM_ForcedOC3Config                      0x08001c79   Thumb Code    18  stm32f10x_tim.o(.text)
    TIM_ForcedOC4Config                      0x08001c8b   Thumb Code    26  stm32f10x_tim.o(.text)
    TIM_ARRPreloadConfig                     0x08001ca5   Thumb Code    24  stm32f10x_tim.o(.text)
    TIM_SelectCOM                            0x08001cbd   Thumb Code    24  stm32f10x_tim.o(.text)
    TIM_SelectCCDMA                          0x08001cd5   Thumb Code    24  stm32f10x_tim.o(.text)
    TIM_CCPreloadControl                     0x08001ced   Thumb Code    24  stm32f10x_tim.o(.text)
    TIM_OC1PreloadConfig                     0x08001d05   Thumb Code    18  stm32f10x_tim.o(.text)
    TIM_OC2PreloadConfig                     0x08001d17   Thumb Code    26  stm32f10x_tim.o(.text)
    TIM_OC3PreloadConfig                     0x08001d31   Thumb Code    18  stm32f10x_tim.o(.text)
    TIM_OC4PreloadConfig                     0x08001d43   Thumb Code    26  stm32f10x_tim.o(.text)
    TIM_OC1FastConfig                        0x08001d5d   Thumb Code    18  stm32f10x_tim.o(.text)
    TIM_OC2FastConfig                        0x08001d6f   Thumb Code    26  stm32f10x_tim.o(.text)
    TIM_OC3FastConfig                        0x08001d89   Thumb Code    18  stm32f10x_tim.o(.text)
    TIM_OC4FastConfig                        0x08001d9b   Thumb Code    26  stm32f10x_tim.o(.text)
    TIM_ClearOC1Ref                          0x08001db5   Thumb Code    18  stm32f10x_tim.o(.text)
    TIM_ClearOC2Ref                          0x08001dc7   Thumb Code    24  stm32f10x_tim.o(.text)
    TIM_ClearOC3Ref                          0x08001ddf   Thumb Code    18  stm32f10x_tim.o(.text)
    TIM_ClearOC4Ref                          0x08001df1   Thumb Code    24  stm32f10x_tim.o(.text)
    TIM_OC1PolarityConfig                    0x08001e09   Thumb Code    18  stm32f10x_tim.o(.text)
    TIM_OC1NPolarityConfig                   0x08001e1b   Thumb Code    18  stm32f10x_tim.o(.text)
    TIM_OC2PolarityConfig                    0x08001e2d   Thumb Code    26  stm32f10x_tim.o(.text)
    TIM_OC2NPolarityConfig                   0x08001e47   Thumb Code    26  stm32f10x_tim.o(.text)
    TIM_OC3PolarityConfig                    0x08001e61   Thumb Code    26  stm32f10x_tim.o(.text)
    TIM_OC3NPolarityConfig                   0x08001e7b   Thumb Code    26  stm32f10x_tim.o(.text)
    TIM_OC4PolarityConfig                    0x08001e95   Thumb Code    26  stm32f10x_tim.o(.text)
    TIM_CCxCmd                               0x08001eaf   Thumb Code    30  stm32f10x_tim.o(.text)
    TIM_CCxNCmd                              0x08001ecd   Thumb Code    30  stm32f10x_tim.o(.text)
    TIM_SelectOCxM                           0x08001eeb   Thumb Code    82  stm32f10x_tim.o(.text)
    TIM_UpdateDisableConfig                  0x08001f3d   Thumb Code    24  stm32f10x_tim.o(.text)
    TIM_UpdateRequestConfig                  0x08001f55   Thumb Code    24  stm32f10x_tim.o(.text)
    TIM_SelectHallSensor                     0x08001f6d   Thumb Code    24  stm32f10x_tim.o(.text)
    TIM_SelectOnePulseMode                   0x08001f85   Thumb Code    18  stm32f10x_tim.o(.text)
    TIM_SelectOutputTrigger                  0x08001f97   Thumb Code    18  stm32f10x_tim.o(.text)
    TIM_SelectSlaveMode                      0x08001fa9   Thumb Code    18  stm32f10x_tim.o(.text)
    TIM_SelectMasterSlaveMode                0x08001fbb   Thumb Code    18  stm32f10x_tim.o(.text)
    TIM_SetCounter                           0x08001fcd   Thumb Code     4  stm32f10x_tim.o(.text)
    TIM_SetAutoreload                        0x08001fd1   Thumb Code     4  stm32f10x_tim.o(.text)
    TIM_SetCompare1                          0x08001fd5   Thumb Code     4  stm32f10x_tim.o(.text)
    TIM_SetCompare2                          0x08001fd9   Thumb Code     4  stm32f10x_tim.o(.text)
    TIM_SetCompare3                          0x08001fdd   Thumb Code     4  stm32f10x_tim.o(.text)
    TIM_SetCompare4                          0x08001fe1   Thumb Code     6  stm32f10x_tim.o(.text)
    TIM_SetClockDivision                     0x08001fe7   Thumb Code    18  stm32f10x_tim.o(.text)
    TIM_GetCapture1                          0x08001ff9   Thumb Code     6  stm32f10x_tim.o(.text)
    TIM_GetCapture2                          0x08001fff   Thumb Code     6  stm32f10x_tim.o(.text)
    TIM_GetCapture3                          0x08002005   Thumb Code     6  stm32f10x_tim.o(.text)
    TIM_GetCapture4                          0x0800200b   Thumb Code     8  stm32f10x_tim.o(.text)
    TIM_GetCounter                           0x08002013   Thumb Code     6  stm32f10x_tim.o(.text)
    TIM_GetPrescaler                         0x08002019   Thumb Code     6  stm32f10x_tim.o(.text)
    TIM_GetFlagStatus                        0x0800201f   Thumb Code    18  stm32f10x_tim.o(.text)
    TIM_ClearFlag                            0x08002031   Thumb Code     6  stm32f10x_tim.o(.text)
    TIM_GetITStatus                          0x08002037   Thumb Code    34  stm32f10x_tim.o(.text)
    TIM_ClearITPendingBit                    0x08002059   Thumb Code     6  stm32f10x_tim.o(.text)
    USART_DeInit                             0x08002061   Thumb Code   134  stm32f10x_usart.o(.text)
    USART_Init                               0x080020e7   Thumb Code   210  stm32f10x_usart.o(.text)
    USART_StructInit                         0x080021b9   Thumb Code    24  stm32f10x_usart.o(.text)
    USART_ClockInit                          0x080021d1   Thumb Code    34  stm32f10x_usart.o(.text)
    USART_ClockStructInit                    0x080021f3   Thumb Code    12  stm32f10x_usart.o(.text)
    USART_Cmd                                0x080021ff   Thumb Code    24  stm32f10x_usart.o(.text)
    USART_ITConfig                           0x08002217   Thumb Code    74  stm32f10x_usart.o(.text)
    USART_DMACmd                             0x08002261   Thumb Code    18  stm32f10x_usart.o(.text)
    USART_SetAddress                         0x08002273   Thumb Code    18  stm32f10x_usart.o(.text)
    USART_WakeUpConfig                       0x08002285   Thumb Code    18  stm32f10x_usart.o(.text)
    USART_ReceiverWakeUpCmd                  0x08002297   Thumb Code    24  stm32f10x_usart.o(.text)
    USART_LINBreakDetectLengthConfig         0x080022af   Thumb Code    18  stm32f10x_usart.o(.text)
    USART_LINCmd                             0x080022c1   Thumb Code    24  stm32f10x_usart.o(.text)
    USART_SendData                           0x080022d9   Thumb Code     8  stm32f10x_usart.o(.text)
    USART_ReceiveData                        0x080022e1   Thumb Code    10  stm32f10x_usart.o(.text)
    USART_SendBreak                          0x080022eb   Thumb Code    10  stm32f10x_usart.o(.text)
    USART_SetGuardTime                       0x080022f5   Thumb Code    16  stm32f10x_usart.o(.text)
    USART_SetPrescaler                       0x08002305   Thumb Code    16  stm32f10x_usart.o(.text)
    USART_SmartCardCmd                       0x08002315   Thumb Code    24  stm32f10x_usart.o(.text)
    USART_SmartCardNACKCmd                   0x0800232d   Thumb Code    24  stm32f10x_usart.o(.text)
    USART_HalfDuplexCmd                      0x08002345   Thumb Code    24  stm32f10x_usart.o(.text)
    USART_OverSampling8Cmd                   0x0800235d   Thumb Code    22  stm32f10x_usart.o(.text)
    USART_OneBitMethodCmd                    0x08002373   Thumb Code    24  stm32f10x_usart.o(.text)
    USART_IrDAConfig                         0x0800238b   Thumb Code    18  stm32f10x_usart.o(.text)
    USART_IrDACmd                            0x0800239d   Thumb Code    24  stm32f10x_usart.o(.text)
    USART_GetFlagStatus                      0x080023b5   Thumb Code    26  stm32f10x_usart.o(.text)
    USART_ClearFlag                          0x080023cf   Thumb Code    18  stm32f10x_usart.o(.text)
    USART_GetITStatus                        0x080023e1   Thumb Code    84  stm32f10x_usart.o(.text)
    USART_ClearITPendingBit                  0x08002435   Thumb Code    52  stm32f10x_usart.o(.text)
    Beep_Init                                0x08002469   Thumb Code    46  beep.o(.text)
    Beep_Test                                0x08002497   Thumb Code    36  beep.o(.text)
    LED_Init                                 0x080024c1   Thumb Code    54  led.o(.text)
    Led_Test                                 0x080024f7   Thumb Code   100  led.o(.text)
    HalIwdgInit                              0x08002561   Thumb Code    36  timer.o(.text)
    HalIwdgFeed                              0x08002585   Thumb Code     8  timer.o(.text)
    TIM1_NVIC_Configuration                  0x0800258d   Thumb Code    40  timer.o(.text)
    TIM2_NVIC_Configuration                  0x080025b5   Thumb Code    40  timer.o(.text)
    TIM3_NVIC_Configuration                  0x080025dd   Thumb Code    40  timer.o(.text)
    TIM4_NVIC_Configuration                  0x08002605   Thumb Code    42  timer.o(.text)
    TIM1_Configuration                       0x0800262f   Thumb Code    80  timer.o(.text)
    TIM3_Configuration                       0x0800267f   Thumb Code   218  timer.o(.text)
    TIM4_Configuration                       0x08002759   Thumb Code   218  timer.o(.text)
    TIM5_Configuration                       0x08002833   Thumb Code    76  timer.o(.text)
    Timer_Init                               0x0800287f   Thumb Code    30  timer.o(.text)
    Timer_ON                                 0x0800289d   Thumb Code    20  timer.o(.text)
    Timer_OFF                                0x080028b1   Thumb Code    14  timer.o(.text)
    Motor_Gpio_init                          0x080028d1   Thumb Code    82  motor4.o(.text)
    Set_Pwm_Motor1                           0x08002923   Thumb Code    42  motor4.o(.text)
    Set_Pwm_Motor2                           0x0800294d   Thumb Code    44  motor4.o(.text)
    Set_Pwm_Motor3                           0x08002979   Thumb Code    42  motor4.o(.text)
    Set_Pwm_Motor4                           0x080029a3   Thumb Code    44  motor4.o(.text)
    PID_Reset_Data                           0x080029cf   Thumb Code    76  motor4.o(.text)
    Incremental_PI_A                         0x08002a1b   Thumb Code   214  motor4.o(.text)
    Incremental_PI_B                         0x08002af1   Thumb Code   214  motor4.o(.text)
    Incremental_PI_C                         0x08002bc7   Thumb Code   214  motor4.o(.text)
    Incremental_PI_D                         0x08002c9d   Thumb Code   312  motor4.o(.text)
    Xianfu_Pwm                               0x08002dd5   Thumb Code   118  motor4.o(.text)
    motor_speed_A                            0x08002e4b   Thumb Code    42  motor4.o(.text)
    motor_speed_B                            0x08002e75   Thumb Code    42  motor4.o(.text)
    motor_speed_C                            0x08002e9f   Thumb Code    42  motor4.o(.text)
    motor_speed_D                            0x08002ec9   Thumb Code    42  motor4.o(.text)
    ALL_motor_control                        0x08002ef3   Thumb Code    40  motor4.o(.text)
    ALL_motor_pwm_control                    0x08002f1b   Thumb Code    34  motor4.o(.text)
    CAR_STOP                                 0x08002f3d   Thumb Code    52  motor4.o(.text)
    car_motor_wheel_speed                    0x08002f71   Thumb Code    44  motor4.o(.text)
    Angle_judgement                          0x08002f9d   Thumb Code   180  motor4.o(.text)
    motor_direction                          0x08003051   Thumb Code    46  motor4.o(.text)
    car_motor_speed                          0x0800307f   Thumb Code    92  motor4.o(.text)
    car_motor_direction                      0x080030db   Thumb Code   260  motor4.o(.text)
    Encoder_Init_TIM2                        0x080031ed   Thumb Code   154  encod.o(.text)
    Encoder_Init_TIM_Exit0                   0x08003287   Thumb Code   106  encod.o(.text)
    Encoder_Init_TIM_Exit1                   0x080032f1   Thumb Code   102  encod.o(.text)
    Encoder_Init_TIM_Exit2                   0x08003357   Thumb Code   106  encod.o(.text)
    Encoder_Init_TIM_Exit3                   0x080033c1   Thumb Code   106  encod.o(.text)
    Encoder_Init_TIM_Exit6                   0x0800342b   Thumb Code   106  encod.o(.text)
    Encoder_Init_TIM_Exit7                   0x08003495   Thumb Code   106  encod.o(.text)
    EXTI_ALL_Init                            0x080034ff   Thumb Code    32  encod.o(.text)
    Read_Encoder                             0x0800351f   Thumb Code    88  encod.o(.text)
    Read_Encoder1                            0x08003577   Thumb Code    62  encod.o(.text)
    EXTI1_IRQHandler                         0x080035b5   Thumb Code   108  encod.o(.text)
    EXTI0_IRQHandler                         0x08003621   Thumb Code    76  encod.o(.text)
    EXTI3_IRQHandler                         0x0800366d   Thumb Code    80  encod.o(.text)
    EXTI2_IRQHandler                         0x080036bd   Thumb Code    78  encod.o(.text)
    EXTI9_5_IRQHandler                       0x0800370b   Thumb Code   174  encod.o(.text)
    Uart_Queue_Init                          0x080037cd   Thumb Code    20  uwb.o(.text)
    USART2_IRQHandler                        0x080038bd   Thumb Code   110  uwb.o(.text)
    get_AOA_data                             0x0800392b   Thumb Code    14  uwb.o(.text)
    App_Module_uint8_conver_format           0x08003939   Thumb Code   446  uwb.o(.text)
    osal_CreateQueue                         0x08003b09   Thumb Code    16  osal.o(.text)
    osal_TraverseQueue                       0x08003b19   Thumb Code   118  osal.o(.text)
    osal_FullQueue                           0x08003b8f   Thumb Code    36  osal.o(.text)
    osal_EmptyQueue                          0x08003bb3   Thumb Code    20  osal.o(.text)
    osal_Enqueue                             0x08003bc7   Thumb Code   108  osal.o(.text)
    osal_Dequeue                             0x08003c33   Thumb Code    80  osal.o(.text)
    osal_itoa                                0x08003c83   Thumb Code    80  osal.o(.text)
    osal_Str2Byte                            0x08003cd3   Thumb Code    54  osal.o(.text)
    osal_Hex2Str                             0x08003d09   Thumb Code    40  osal.o(.text)
    osal_init_system                         0x08003d31   Thumb Code     4  osal.o(.text)
    osal_start_system                        0x08003d35   Thumb Code     2  osal.o(.text)
    osal_run_system                          0x08003d37   Thumb Code     2  osal.o(.text)
    Kalman_filtering                         0x08003d99   Thumb Code   268  control.o(.text)
    AOA_Angle_filtering                      0x08003ea5   Thumb Code   236  control.o(.text)
    car_distance                             0x08003f91   Thumb Code    78  control.o(.text)
    follow_car_task                          0x08003fdf   Thumb Code   280  control.o(.text)
    I2C_WriteByte                            0x08004169   Thumb Code   126  oled_i2c.o(.text)
    WriteDat                                 0x080041e7   Thumb Code    14  oled_i2c.o(.text)
    WriteCmd                                 0x080041f5   Thumb Code    14  oled_i2c.o(.text)
    OLED_Fill                                0x08004203   Thumb Code    58  oled_i2c.o(.text)
    OLED_CLS                                 0x0800423d   Thumb Code    10  oled_i2c.o(.text)
    OLED_Init                                0x08004247   Thumb Code   178  oled_i2c.o(.text)
    I2C_Configuration                        0x080042f9   Thumb Code   126  oled_i2c.o(.text)
    OLED_SetPos                              0x08004377   Thumb Code    40  oled_i2c.o(.text)
    OLED_ON                                  0x0800439f   Thumb Code    22  oled_i2c.o(.text)
    OLED_OFF                                 0x080043b5   Thumb Code    22  oled_i2c.o(.text)
    OLED_ShowStr                             0x080043cb   Thumb Code   228  oled_i2c.o(.text)
    OLED_ShowCN                              0x080044af   Thumb Code    80  oled_i2c.o(.text)
    OLED_DrawBMP                             0x080044ff   Thumb Code   150  oled_i2c.o(.text)
    OLED_Initial_display                     0x08004595   Thumb Code   210  data_display.o(.text)
    OLED_Data_display                        0x08004667   Thumb Code   288  data_display.o(.text)
    main                                     0x080047cd   Thumb Code    74  main.o(.text)
    NMI_Handler                              0x08004819   Thumb Code     2  stm32f10x_it.o(.text)
    HardFault_Handler                        0x0800481b   Thumb Code     4  stm32f10x_it.o(.text)
    MemManage_Handler                        0x0800481f   Thumb Code     4  stm32f10x_it.o(.text)
    BusFault_Handler                         0x08004823   Thumb Code     4  stm32f10x_it.o(.text)
    UsageFault_Handler                       0x08004827   Thumb Code     4  stm32f10x_it.o(.text)
    SVC_Handler                              0x0800482b   Thumb Code     2  stm32f10x_it.o(.text)
    DebugMon_Handler                         0x0800482d   Thumb Code     2  stm32f10x_it.o(.text)
    PendSV_Handler                           0x0800482f   Thumb Code     2  stm32f10x_it.o(.text)
    SysTick_Handler                          0x08004831   Thumb Code     8  stm32f10x_it.o(.text)
    TIM1_UP_IRQHandler                       0x08004839   Thumb Code    82  stm32f10x_it.o(.text)
    TIM2_IRQHandler                          0x0800488b   Thumb Code    30  stm32f10x_it.o(.text)
    TIM3_IRQHandler                          0x080048a9   Thumb Code    30  stm32f10x_it.o(.text)
    TIM4_IRQHandler                          0x080048c7   Thumb Code    22  stm32f10x_it.o(.text)
    TIM5_IRQHandler                          0x080048dd   Thumb Code    30  stm32f10x_it.o(.text)
    SystemInit                               0x080049fb   Thumb Code    78  system_stm32f10x.o(.text)
    SystemCoreClockUpdate                    0x08004a49   Thumb Code   142  system_stm32f10x.o(.text)
    SysTick_Init                             0x08004afd   Thumb Code   106  delay.o(.text)
    Delay_us                                 0x08004b67   Thumb Code    48  delay.o(.text)
    Delay_ms                                 0x08004b97   Thumb Code    54  delay.o(.text)
    TimingDelay_Decrement                    0x08004bcd   Thumb Code    18  delay.o(.text)
    _sys_exit                                0x08004bf5   Thumb Code     4  hal_usart.o(.text)
    fputc                                    0x08004bf9   Thumb Code    36  hal_usart.o(.text)
    fgetc                                    0x08004c1d   Thumb Code    26  hal_usart.o(.text)
    USART1_SendBuffer                        0x08004c37   Thumb Code    68  hal_usart.o(.text)
    _dbg_printf                              0x08004c7b   Thumb Code    42  hal_usart.o(.text)
    HalUASRT1_DMA_Send_init                  0x08004ca5   Thumb Code    94  hal_usart.o(.text)
    HalUASRT1_DMA_Config                     0x08004d03   Thumb Code    52  hal_usart.o(.text)
    HalUARTInit                              0x08004e5d   Thumb Code    36  hal_usart.o(.text)
    __use_no_semihosting                     0x08004e95   Thumb Code     2  use_no_semi_2.o(.text)
    toupper                                  0x08004e97   Thumb Code    30  toupper.o(.text)
    __c89vsnprintf                           0x08004eb5   Thumb Code    48  c89vsnprintf.o(.text)
    __2sprintf                               0x08004ee9   Thumb Code    38  __2sprintf.o(.text)
    _printf_pre_padding                      0x08004f15   Thumb Code    44  _printf_pad.o(.text)
    _printf_post_padding                     0x08004f41   Thumb Code    34  _printf_pad.o(.text)
    _printf_int_dec                          0x08004f65   Thumb Code   104  _printf_dec.o(.text)
    _printf_longlong_hex                     0x08004fdd   Thumb Code    86  _printf_hex_int_ll_ptr.o(.text)
    _printf_int_hex                          0x08005033   Thumb Code    28  _printf_hex_int_ll_ptr.o(.text)
    _printf_ll_hex                           0x0800504f   Thumb Code    12  _printf_hex_int_ll_ptr.o(.text)
    _printf_hex_ptr                          0x0800505b   Thumb Code    18  _printf_hex_int_ll_ptr.o(.text)
    __printf                                 0x08005071   Thumb Code   388  __printf_flags_ss_wp.o(.text)
    __aeabi_memcpy                           0x080051f9   Thumb Code     0  rt_memcpy_v6.o(.text)
    __rt_memcpy                              0x080051f9   Thumb Code   138  rt_memcpy_v6.o(.text)
    _memcpy_lastbytes                        0x0800525f   Thumb Code     0  rt_memcpy_v6.o(.text)
    __aeabi_memcpy4                          0x08005283   Thumb Code     0  rt_memcpy_w.o(.text)
    __aeabi_memcpy8                          0x08005283   Thumb Code     0  rt_memcpy_w.o(.text)
    __rt_memcpy_w                            0x08005283   Thumb Code   100  rt_memcpy_w.o(.text)
    _memcpy_lastbytes_aligned                0x080052cb   Thumb Code     0  rt_memcpy_w.o(.text)
    __aeabi_memclr                           0x080052e7   Thumb Code     0  rt_memclr.o(.text)
    __rt_memclr                              0x080052e7   Thumb Code    68  rt_memclr.o(.text)
    _memset                                  0x080052eb   Thumb Code     0  rt_memclr.o(.text)
    __aeabi_memclr4                          0x0800532b   Thumb Code     0  rt_memclr_w.o(.text)
    __aeabi_memclr8                          0x0800532b   Thumb Code     0  rt_memclr_w.o(.text)
    __rt_memclr_w                            0x0800532b   Thumb Code    78  rt_memclr_w.o(.text)
    _memset_w                                0x0800532f   Thumb Code     0  rt_memclr_w.o(.text)
    __use_two_region_memory                  0x08005379   Thumb Code     2  heapauxi.o(.text)
    __rt_heap_escrow$2region                 0x0800537b   Thumb Code     2  heapauxi.o(.text)
    __rt_heap_expand$2region                 0x0800537d   Thumb Code     2  heapauxi.o(.text)
    __I$use$semihosting                      0x0800537f   Thumb Code     0  use_no_semi.o(.text)
    __use_no_semihosting_swi                 0x0800537f   Thumb Code     2  use_no_semi.o(.text)
    __rt_ctype_table                         0x08005381   Thumb Code    16  rt_ctype_table.o(.text)
    _printf_truncate_signed                  0x08005391   Thumb Code    18  _printf_truncate.o(.text)
    _printf_truncate_unsigned                0x080053a3   Thumb Code    18  _printf_truncate.o(.text)
    _printf_str                              0x080053b5   Thumb Code    82  _printf_str.o(.text)
    _printf_int_common                       0x08005407   Thumb Code   178  _printf_intcommon.o(.text)
    _printf_charcount                        0x080054b9   Thumb Code    40  _printf_charcount.o(.text)
    __lib_sel_fp_printf                      0x080054e1   Thumb Code     2  _printf_fp_dec.o(.text)
    _printf_fp_dec_real                      0x0800568f   Thumb Code   620  _printf_fp_dec.o(.text)
    _printf_char_common                      0x08005907   Thumb Code    32  _printf_char_common.o(.text)
    _sputc                                   0x0800592d   Thumb Code    10  _sputc.o(.text)
    _snputc                                  0x08005937   Thumb Code    16  _snputc.o(.text)
    _printf_wctomb                           0x08005949   Thumb Code   182  _printf_wctomb.o(.text)
    _printf_longlong_dec                     0x08005a05   Thumb Code   108  _printf_longlong_dec.o(.text)
    _printf_longlong_oct                     0x08005a81   Thumb Code    68  _printf_oct_int_ll.o(.text)
    _printf_int_oct                          0x08005ac5   Thumb Code    24  _printf_oct_int_ll.o(.text)
    _printf_ll_oct                           0x08005add   Thumb Code    12  _printf_oct_int_ll.o(.text)
    __rt_locale                              0x08005af1   Thumb Code     8  rt_locale_intlibspace.o(.text)
    _ll_udiv10                               0x08005af9   Thumb Code   138  lludiv10.o(.text)
    _printf_fp_infnan                        0x08005b85   Thumb Code   112  _printf_fp_infnan.o(.text)
    _printf_cs_common                        0x08005c05   Thumb Code    20  _printf_char.o(.text)
    _printf_char                             0x08005c19   Thumb Code    16  _printf_char.o(.text)
    _printf_string                           0x08005c29   Thumb Code     8  _printf_char.o(.text)
    _printf_lcs_common                       0x08005c31   Thumb Code    20  _printf_wchar.o(.text)
    _printf_wchar                            0x08005c45   Thumb Code    16  _printf_wchar.o(.text)
    _printf_wstring                          0x08005c55   Thumb Code     8  _printf_wchar.o(.text)
    _btod_etento                             0x08005c5d   Thumb Code   216  bigflt0.o(.text)
    _wcrtomb                                 0x08005d39   Thumb Code    64  _wcrtomb.o(.text)
    __user_libspace                          0x08005d79   Thumb Code     8  libspace.o(.text)
    __user_perproc_libspace                  0x08005d79   Thumb Code     0  libspace.o(.text)
    __user_perthread_libspace                0x08005d79   Thumb Code     0  libspace.o(.text)
    __user_setup_stackheap                   0x08005d81   Thumb Code    74  sys_stackheap_outer.o(.text)
    exit                                     0x08005dcb   Thumb Code    18  exit.o(.text)
    strcmp                                   0x08005ddd   Thumb Code   128  strcmpv7m.o(.text)
    _btod_d2e                                0x08005e5d   Thumb Code    62  btod.o(CL$$btod_d2e)
    _d2e_denorm_low                          0x08005e9b   Thumb Code    70  btod.o(CL$$btod_d2e_denorm_low)
    _d2e_norm_op1                            0x08005ee1   Thumb Code    96  btod.o(CL$$btod_d2e_norm_op1)
    __btod_div_common                        0x08005f41   Thumb Code   696  btod.o(CL$$btod_div_common)
    _e2e                                     0x08006279   Thumb Code   198  btod.o(CL$$btod_e2e)
    _btod_ediv                               0x0800633f   Thumb Code    40  btod.o(CL$$btod_ediv)
    _btod_emul                               0x08006367   Thumb Code    40  btod.o(CL$$btod_emul)
    __btod_mult_common                       0x0800638f   Thumb Code   580  btod.o(CL$$btod_mult_common)
    __ARM_fpclassify                         0x080065d3   Thumb Code    40  fpclassify.o(i.__ARM_fpclassify)
    _is_digit                                0x080065fb   Thumb Code    14  __printf_wp.o(i._is_digit)
    _get_lc_ctype                            0x08006609   Thumb Code    44  lc_ctype_c.o(locale$$code)
    _get_lc_numeric                          0x08006635   Thumb Code    44  lc_numeric_c.o(locale$$code)
    __aeabi_d2f                              0x08006661   Thumb Code     0  d2f.o(x$fpl$d2f)
    _d2f                                     0x08006661   Thumb Code    98  d2f.o(x$fpl$d2f)
    __aeabi_ddiv                             0x080066c5   Thumb Code     0  ddiv.o(x$fpl$ddiv)
    _ddiv                                    0x080066c5   Thumb Code   552  ddiv.o(x$fpl$ddiv)
    __aeabi_i2d                              0x08006975   Thumb Code     0  dflt_clz.o(x$fpl$dflt)
    _dflt                                    0x08006975   Thumb Code    46  dflt_clz.o(x$fpl$dflt)
    __aeabi_dmul                             0x080069a5   Thumb Code     0  dmul.o(x$fpl$dmul)
    _dmul                                    0x080069a5   Thumb Code   332  dmul.o(x$fpl$dmul)
    __fpl_dnaninf                            0x08006af9   Thumb Code   156  dnaninf.o(x$fpl$dnaninf)
    __fpl_dretinf                            0x08006b95   Thumb Code    12  dretinf.o(x$fpl$dretinf)
    __aeabi_f2d                              0x08006ba1   Thumb Code     0  f2d.o(x$fpl$f2d)
    _f2d                                     0x08006ba1   Thumb Code    86  f2d.o(x$fpl$f2d)
    __aeabi_fadd                             0x08006bf9   Thumb Code     0  faddsub_clz.o(x$fpl$fadd)
    _fadd                                    0x08006bf9   Thumb Code   196  faddsub_clz.o(x$fpl$fadd)
    __fpl_fcmp_Inf                           0x08006cbd   Thumb Code    24  fcmpi.o(x$fpl$fcmpinf)
    __aeabi_fdiv                             0x08006cd5   Thumb Code     0  fdiv.o(x$fpl$fdiv)
    _fdiv                                    0x08006cd5   Thumb Code   384  fdiv.o(x$fpl$fdiv)
    __aeabi_f2iz                             0x08006e59   Thumb Code     0  ffix.o(x$fpl$ffix)
    _ffix                                    0x08006e59   Thumb Code    54  ffix.o(x$fpl$ffix)
    __aeabi_i2f                              0x08006e91   Thumb Code     0  fflt_clz.o(x$fpl$fflt)
    _fflt                                    0x08006e91   Thumb Code    48  fflt_clz.o(x$fpl$fflt)
    __aeabi_cfcmple                          0x08006ec1   Thumb Code     0  fleqf.o(x$fpl$fleqf)
    _fcmple                                  0x08006ec1   Thumb Code   104  fleqf.o(x$fpl$fleqf)
    __fpl_fcmple_InfNaN                      0x08006f13   Thumb Code     0  fleqf.o(x$fpl$fleqf)
    __aeabi_fmul                             0x08006f29   Thumb Code     0  fmul.o(x$fpl$fmul)
    _fmul                                    0x08006f29   Thumb Code   258  fmul.o(x$fpl$fmul)
    __fpl_fnaninf                            0x0800702b   Thumb Code   140  fnaninf.o(x$fpl$fnaninf)
    __fpl_fretinf                            0x080070b7   Thumb Code    10  fretinf.o(x$fpl$fretinf)
    __aeabi_cfrcmple                         0x080070c1   Thumb Code     0  frleqf.o(x$fpl$frleqf)
    _frcmple                                 0x080070c1   Thumb Code    98  frleqf.o(x$fpl$frleqf)
    __aeabi_frsub                            0x08007123   Thumb Code     0  faddsub_clz.o(x$fpl$frsb)
    _frsb                                    0x08007123   Thumb Code    20  faddsub_clz.o(x$fpl$frsb)
    __aeabi_fsub                             0x08007139   Thumb Code     0  faddsub_clz.o(x$fpl$fsub)
    _fsub                                    0x08007139   Thumb Code   234  faddsub_clz.o(x$fpl$fsub)
    _printf_fp_dec                           0x08007223   Thumb Code     4  printf1.o(x$fpl$printf1)
    F6x8                                     0x08007226   Data         552  oled_i2c.o(.constdata)
    __I$use$fp                               0x08007226   Number         0  usenofp.o(x$fpl$usenofp)
    F8X16                                    0x0800744e   Data        1520  oled_i2c.o(.constdata)
    Region$$Table$$Base                      0x08007b14   Number         0  anon$$obj.o(Region$$Table)
    Region$$Table$$Limit                     0x08007b34   Number         0  anon$$obj.o(Region$$Table)
    __ctype                                  0x08007b41   Data           0  lc_ctype_c.o(locale$$data)
    Velocity_KP                              0x20000014   Data           4  motor4.o(.data)
    Velocity_KI                              0x20000018   Data           4  motor4.o(.data)
    Velocity_KD                              0x2000001c   Data           4  motor4.o(.data)
    Bias_A                                   0x20000020   Data           4  motor4.o(.data)
    Pwm_A                                    0x20000024   Data           4  motor4.o(.data)
    Last_bias_A                              0x20000028   Data           4  motor4.o(.data)
    Integeal_bias_A                          0x2000002c   Data           4  motor4.o(.data)
    Bias_B                                   0x20000030   Data           4  motor4.o(.data)
    Pwm_B                                    0x20000034   Data           4  motor4.o(.data)
    Last_bias_B                              0x20000038   Data           4  motor4.o(.data)
    Integeal_bias_B                          0x2000003c   Data           4  motor4.o(.data)
    Bias_C                                   0x20000040   Data           4  motor4.o(.data)
    Pwm_C                                    0x20000044   Data           4  motor4.o(.data)
    Last_bias_C                              0x20000048   Data           4  motor4.o(.data)
    Integeal_bias_C                          0x2000004c   Data           4  motor4.o(.data)
    Bias_D                                   0x20000050   Data           4  motor4.o(.data)
    Pwm_D                                    0x20000054   Data           4  motor4.o(.data)
    Last_bias_D                              0x20000058   Data           4  motor4.o(.data)
    Integeal_bias_D                          0x2000005c   Data           4  motor4.o(.data)
    Motor_A                                  0x20000060   Data           4  motor4.o(.data)
    Motor_B                                  0x20000064   Data           4  motor4.o(.data)
    Motor_C                                  0x20000068   Data           4  motor4.o(.data)
    Motor_D                                  0x2000006c   Data           4  motor4.o(.data)
    Encoder_A                                0x20000070   Data           4  motor4.o(.data)
    Encoder_B                                0x20000074   Data           4  motor4.o(.data)
    Encoder_C                                0x20000078   Data           4  motor4.o(.data)
    Encoder_D                                0x2000007c   Data           4  motor4.o(.data)
    Encoder_A_EXTI                           0x2000008c   Data           4  encod.o(.data)
    Encoder_B_EXTI                           0x20000090   Data           4  encod.o(.data)
    Encoder_D_EXTI                           0x20000094   Data           4  encod.o(.data)
    Res                                      0x20000098   Data           1  uwb.o(.data)
    car_stop                                 0x2000009c   Data           4  control.o(.data)
    Angle_difference                         0x200000a0   Data           4  control.o(.data)
    car_starting                             0x200000a4   Data           4  control.o(.data)
    Car_move                                 0x200000a8   Data           4  control.o(.data)
    Car_time                                 0x200000ac   Data           4  control.o(.data)
    F16x16                                   0x20000114   Data         480  oled_i2c.o(.data)
    BMP1                                     0x200002f4   Data        1024  oled_i2c.o(.data)
    SystemCoreClock                          0x200006f4   Data           4  system_stm32f10x.o(.data)
    AHBPrescTable                            0x200006f8   Data          16  system_stm32f10x.o(.data)
    a                                        0x20000708   Data           4  delay.o(.data)
    buf                                      0x20000928   Data          32  data_display.o(.bss)
    _dbg_TXBuff                              0x20000948   Data         256  hal_usart.o(.bss)
    __libspace_start                         0x20000a48   Data          96  libspace.o(.bss)
    __temporary_stack_top$libspace           0x20000aa8   Data           0  libspace.o(.bss)



==============================================================================

Memory Map of the image

  Image Entry point : 0x080000ed

  Load Region LR_IROM1 (Base: 0x08000000, Size: 0x00008370, Max: 0x00010000, ABSOLUTE, COMPRESSED[0x00007f60])

    Execution Region ER_IROM1 (Base: 0x08000000, Size: 0x00007c60, Max: 0x00010000, ABSOLUTE)

    Base Addr    Size         Type   Attr      Idx    E Section Name        Object

    0x08000000   0x000000ec   Data   RO           19    RESET               startup_stm32f10x_md.o
    0x080000ec   0x00000008   Code   RO          879  * !!!main             c_w.l(__main.o)
    0x080000f4   0x00000034   Code   RO         1194    !!!scatter          c_w.l(__scatter.o)
    0x08000128   0x0000005a   Code   RO         1192    !!dczerorl2         c_w.l(__dczerorl2.o)
    0x08000182   0x00000002   PAD
    0x08000184   0x0000001c   Code   RO         1196    !!handler_zi        c_w.l(__scatter_zi.o)
    0x080001a0   0x00000000   Code   RO          868    .ARM.Collect$$_printf_percent$$00000000  c_w.l(_printf_percent.o)
    0x080001a0   0x00000006   Code   RO          959    .ARM.Collect$$_printf_percent$$00000001  c_w.l(_printf_n.o)
    0x080001a6   0x00000006   Code   RO          960    .ARM.Collect$$_printf_percent$$00000002  c_w.l(_printf_p.o)
    0x080001ac   0x00000006   Code   RO          867    .ARM.Collect$$_printf_percent$$00000003  c_w.l(_printf_f.o)
    0x080001b2   0x00000006   Code   RO          964    .ARM.Collect$$_printf_percent$$00000004  c_w.l(_printf_e.o)
    0x080001b8   0x00000006   Code   RO          965    .ARM.Collect$$_printf_percent$$00000005  c_w.l(_printf_g.o)
    0x080001be   0x00000006   Code   RO          966    .ARM.Collect$$_printf_percent$$00000006  c_w.l(_printf_a.o)
    0x080001c4   0x0000000a   Code   RO          971    .ARM.Collect$$_printf_percent$$00000007  c_w.l(_printf_ll.o)
    0x080001ce   0x00000006   Code   RO          962    .ARM.Collect$$_printf_percent$$00000008  c_w.l(_printf_i.o)
    0x080001d4   0x00000006   Code   RO          866    .ARM.Collect$$_printf_percent$$00000009  c_w.l(_printf_d.o)
    0x080001da   0x00000006   Code   RO          963    .ARM.Collect$$_printf_percent$$0000000A  c_w.l(_printf_u.o)
    0x080001e0   0x00000006   Code   RO          961    .ARM.Collect$$_printf_percent$$0000000B  c_w.l(_printf_o.o)
    0x080001e6   0x00000006   Code   RO          865    .ARM.Collect$$_printf_percent$$0000000C  c_w.l(_printf_x.o)
    0x080001ec   0x00000006   Code   RO          968    .ARM.Collect$$_printf_percent$$0000000D  c_w.l(_printf_lli.o)
    0x080001f2   0x00000006   Code   RO          969    .ARM.Collect$$_printf_percent$$0000000E  c_w.l(_printf_lld.o)
    0x080001f8   0x00000006   Code   RO          970    .ARM.Collect$$_printf_percent$$0000000F  c_w.l(_printf_llu.o)
    0x080001fe   0x00000006   Code   RO          975    .ARM.Collect$$_printf_percent$$00000010  c_w.l(_printf_llo.o)
    0x08000204   0x00000006   Code   RO          976    .ARM.Collect$$_printf_percent$$00000011  c_w.l(_printf_llx.o)
    0x0800020a   0x0000000a   Code   RO          972    .ARM.Collect$$_printf_percent$$00000012  c_w.l(_printf_l.o)
    0x08000214   0x00000006   Code   RO          957    .ARM.Collect$$_printf_percent$$00000013  c_w.l(_printf_c.o)
    0x0800021a   0x00000006   Code   RO          958    .ARM.Collect$$_printf_percent$$00000014  c_w.l(_printf_s.o)
    0x08000220   0x00000006   Code   RO          973    .ARM.Collect$$_printf_percent$$00000015  c_w.l(_printf_lc.o)
    0x08000226   0x00000006   Code   RO          974    .ARM.Collect$$_printf_percent$$00000016  c_w.l(_printf_ls.o)
    0x0800022c   0x00000004   Code   RO          967    .ARM.Collect$$_printf_percent$$00000017  c_w.l(_printf_percent_end.o)
    0x08000230   0x00000002   Code   RO         1069    .ARM.Collect$$libinit$$00000000  c_w.l(libinit.o)
    0x08000232   0x00000000   Code   RO         1071    .ARM.Collect$$libinit$$00000002  c_w.l(libinit2.o)
    0x08000232   0x00000000   Code   RO         1073    .ARM.Collect$$libinit$$00000004  c_w.l(libinit2.o)
    0x08000232   0x00000000   Code   RO         1076    .ARM.Collect$$libinit$$0000000A  c_w.l(libinit2.o)
    0x08000232   0x00000000   Code   RO         1078    .ARM.Collect$$libinit$$0000000C  c_w.l(libinit2.o)
    0x08000232   0x00000000   Code   RO         1080    .ARM.Collect$$libinit$$0000000E  c_w.l(libinit2.o)
    0x08000232   0x00000006   Code   RO         1081    .ARM.Collect$$libinit$$0000000F  c_w.l(libinit2.o)
    0x08000238   0x00000000   Code   RO         1083    .ARM.Collect$$libinit$$00000011  c_w.l(libinit2.o)
    0x08000238   0x0000000c   Code   RO         1084    .ARM.Collect$$libinit$$00000012  c_w.l(libinit2.o)
    0x08000244   0x00000000   Code   RO         1085    .ARM.Collect$$libinit$$00000013  c_w.l(libinit2.o)
    0x08000244   0x00000000   Code   RO         1087    .ARM.Collect$$libinit$$00000015  c_w.l(libinit2.o)
    0x08000244   0x0000000a   Code   RO         1088    .ARM.Collect$$libinit$$00000016  c_w.l(libinit2.o)
    0x0800024e   0x00000000   Code   RO         1089    .ARM.Collect$$libinit$$00000017  c_w.l(libinit2.o)
    0x0800024e   0x00000000   Code   RO         1091    .ARM.Collect$$libinit$$00000019  c_w.l(libinit2.o)
    0x0800024e   0x00000000   Code   RO         1093    .ARM.Collect$$libinit$$0000001B  c_w.l(libinit2.o)
    0x0800024e   0x00000000   Code   RO         1095    .ARM.Collect$$libinit$$0000001D  c_w.l(libinit2.o)
    0x0800024e   0x00000000   Code   RO         1097    .ARM.Collect$$libinit$$0000001F  c_w.l(libinit2.o)
    0x0800024e   0x00000000   Code   RO         1099    .ARM.Collect$$libinit$$00000021  c_w.l(libinit2.o)
    0x0800024e   0x00000000   Code   RO         1101    .ARM.Collect$$libinit$$00000023  c_w.l(libinit2.o)
    0x0800024e   0x00000000   Code   RO         1103    .ARM.Collect$$libinit$$00000025  c_w.l(libinit2.o)
    0x0800024e   0x00000000   Code   RO         1107    .ARM.Collect$$libinit$$0000002C  c_w.l(libinit2.o)
    0x0800024e   0x00000000   Code   RO         1109    .ARM.Collect$$libinit$$0000002E  c_w.l(libinit2.o)
    0x0800024e   0x00000000   Code   RO         1111    .ARM.Collect$$libinit$$00000030  c_w.l(libinit2.o)
    0x0800024e   0x00000000   Code   RO         1113    .ARM.Collect$$libinit$$00000032  c_w.l(libinit2.o)
    0x0800024e   0x00000002   Code   RO         1114    .ARM.Collect$$libinit$$00000033  c_w.l(libinit2.o)
    0x08000250   0x00000002   Code   RO         1142    .ARM.Collect$$libshutdown$$00000000  c_w.l(libshutdown.o)
    0x08000252   0x00000000   Code   RO         1151    .ARM.Collect$$libshutdown$$00000002  c_w.l(libshutdown2.o)
    0x08000252   0x00000000   Code   RO         1153    .ARM.Collect$$libshutdown$$00000004  c_w.l(libshutdown2.o)
    0x08000252   0x00000000   Code   RO         1156    .ARM.Collect$$libshutdown$$00000007  c_w.l(libshutdown2.o)
    0x08000252   0x00000000   Code   RO         1159    .ARM.Collect$$libshutdown$$0000000A  c_w.l(libshutdown2.o)
    0x08000252   0x00000000   Code   RO         1161    .ARM.Collect$$libshutdown$$0000000C  c_w.l(libshutdown2.o)
    0x08000252   0x00000000   Code   RO         1164    .ARM.Collect$$libshutdown$$0000000F  c_w.l(libshutdown2.o)
    0x08000252   0x00000002   Code   RO         1165    .ARM.Collect$$libshutdown$$00000010  c_w.l(libshutdown2.o)
    0x08000254   0x00000000   Code   RO          927    .ARM.Collect$$rtentry$$00000000  c_w.l(__rtentry.o)
    0x08000254   0x00000000   Code   RO          989    .ARM.Collect$$rtentry$$00000002  c_w.l(__rtentry2.o)
    0x08000254   0x00000006   Code   RO         1001    .ARM.Collect$$rtentry$$00000004  c_w.l(__rtentry4.o)
    0x0800025a   0x00000000   Code   RO          991    .ARM.Collect$$rtentry$$00000009  c_w.l(__rtentry2.o)
    0x0800025a   0x00000004   Code   RO          992    .ARM.Collect$$rtentry$$0000000A  c_w.l(__rtentry2.o)
    0x0800025e   0x00000000   Code   RO          994    .ARM.Collect$$rtentry$$0000000C  c_w.l(__rtentry2.o)
    0x0800025e   0x00000008   Code   RO          995    .ARM.Collect$$rtentry$$0000000D  c_w.l(__rtentry2.o)
    0x08000266   0x00000002   Code   RO         1115    .ARM.Collect$$rtexit$$00000000  c_w.l(rtexit.o)
    0x08000268   0x00000000   Code   RO         1122    .ARM.Collect$$rtexit$$00000002  c_w.l(rtexit2.o)
    0x08000268   0x00000004   Code   RO         1123    .ARM.Collect$$rtexit$$00000003  c_w.l(rtexit2.o)
    0x0800026c   0x00000006   Code   RO         1124    .ARM.Collect$$rtexit$$00000004  c_w.l(rtexit2.o)
    0x08000272   0x00000002   PAD
    0x08000274   0x00000040   Code   RO           20    .text               startup_stm32f10x_md.o
    0x080002b4   0x000000dc   Code   RO           24    .text               misc.o
    0x08000390   0x00000254   Code   RO          176    .text               stm32f10x_dma.o
    0x080005e4   0x0000011c   Code   RO          188    .text               stm32f10x_exti.o
    0x08000700   0x0000035c   Code   RO          233    .text               stm32f10x_gpio.o
    0x08000a5c   0x00000404   Code   RO          245    .text               stm32f10x_i2c.o
    0x08000e60   0x00000040   Code   RO          260    .text               stm32f10x_iwdg.o
    0x08000ea0   0x000003a4   Code   RO          290    .text               stm32f10x_rcc.o
    0x08001244   0x00000e1a   Code   RO          346    .text               stm32f10x_tim.o
    0x0800205e   0x00000002   PAD
    0x08002060   0x00000408   Code   RO          358    .text               stm32f10x_usart.o
    0x08002468   0x00000058   Code   RO          385    .text               beep.o
    0x080024c0   0x000000a0   Code   RO          421    .text               led.o
    0x08002560   0x00000370   Code   RO          436    .text               timer.o
    0x080028d0   0x0000091c   Code   RO          451    .text               motor4.o
    0x080031ec   0x000005e0   Code   RO          482    .text               encod.o
    0x080037cc   0x0000033c   Code   RO          500    .text               uwb.o
    0x08003b08   0x00000290   Code   RO          562    .text               osal.o
    0x08003d98   0x000003d0   Code   RO          580    .text               control.o
    0x08004168   0x0000042c   Code   RO          615    .text               oled_i2c.o
    0x08004594   0x00000238   Code   RO          634    .text               data_display.o
    0x080047cc   0x0000004a   Code   RO          652    .text               main.o
    0x08004816   0x00000002   PAD
    0x08004818   0x00000104   Code   RO          708    .text               stm32f10x_it.o
    0x0800491c   0x000001e0   Code   RO          721    .text               system_stm32f10x.o
    0x08004afc   0x000000f8   Code   RO          739    .text               delay.o
    0x08004bf4   0x000002a0   Code   RO          780    .text               hal_usart.o
    0x08004e94   0x00000002   Code   RO          808    .text               c_w.l(use_no_semi_2.o)
    0x08004e96   0x0000001e   Code   RO          810    .text               c_w.l(toupper.o)
    0x08004eb4   0x00000034   Code   RO          812    .text               c_w.l(c89vsnprintf.o)
    0x08004ee8   0x0000002c   Code   RO          814    .text               c_w.l(__2sprintf.o)
    0x08004f14   0x0000004e   Code   RO          820    .text               c_w.l(_printf_pad.o)
    0x08004f62   0x00000002   PAD
    0x08004f64   0x00000078   Code   RO          822    .text               c_w.l(_printf_dec.o)
    0x08004fdc   0x00000094   Code   RO          842    .text               c_w.l(_printf_hex_int_ll_ptr.o)
    0x08005070   0x00000188   Code   RO          862    .text               c_w.l(__printf_flags_ss_wp.o)
    0x080051f8   0x0000008a   Code   RO          869    .text               c_w.l(rt_memcpy_v6.o)
    0x08005282   0x00000064   Code   RO          871    .text               c_w.l(rt_memcpy_w.o)
    0x080052e6   0x00000044   Code   RO          873    .text               c_w.l(rt_memclr.o)
    0x0800532a   0x0000004e   Code   RO          875    .text               c_w.l(rt_memclr_w.o)
    0x08005378   0x00000006   Code   RO          877    .text               c_w.l(heapauxi.o)
    0x0800537e   0x00000002   Code   RO          925    .text               c_w.l(use_no_semi.o)
    0x08005380   0x00000010   Code   RO          928    .text               c_w.l(rt_ctype_table.o)
    0x08005390   0x00000024   Code   RO          930    .text               c_w.l(_printf_truncate.o)
    0x080053b4   0x00000052   Code   RO          932    .text               c_w.l(_printf_str.o)
    0x08005406   0x000000b2   Code   RO          934    .text               c_w.l(_printf_intcommon.o)
    0x080054b8   0x00000028   Code   RO          936    .text               c_w.l(_printf_charcount.o)
    0x080054e0   0x0000041a   Code   RO          938    .text               c_w.l(_printf_fp_dec.o)
    0x080058fa   0x00000002   PAD
    0x080058fc   0x00000030   Code   RO          940    .text               c_w.l(_printf_char_common.o)
    0x0800592c   0x0000000a   Code   RO          942    .text               c_w.l(_sputc.o)
    0x08005936   0x00000010   Code   RO          944    .text               c_w.l(_snputc.o)
    0x08005946   0x00000002   PAD
    0x08005948   0x000000bc   Code   RO          946    .text               c_w.l(_printf_wctomb.o)
    0x08005a04   0x0000007c   Code   RO          949    .text               c_w.l(_printf_longlong_dec.o)
    0x08005a80   0x00000070   Code   RO          955    .text               c_w.l(_printf_oct_int_ll.o)
    0x08005af0   0x00000008   Code   RO         1006    .text               c_w.l(rt_locale_intlibspace.o)
    0x08005af8   0x0000008a   Code   RO         1008    .text               c_w.l(lludiv10.o)
    0x08005b82   0x00000002   PAD
    0x08005b84   0x00000080   Code   RO         1010    .text               c_w.l(_printf_fp_infnan.o)
    0x08005c04   0x0000002c   Code   RO         1014    .text               c_w.l(_printf_char.o)
    0x08005c30   0x0000002c   Code   RO         1016    .text               c_w.l(_printf_wchar.o)
    0x08005c5c   0x000000dc   Code   RO         1018    .text               c_w.l(bigflt0.o)
    0x08005d38   0x00000040   Code   RO         1043    .text               c_w.l(_wcrtomb.o)
    0x08005d78   0x00000008   Code   RO         1055    .text               c_w.l(libspace.o)
    0x08005d80   0x0000004a   Code   RO         1058    .text               c_w.l(sys_stackheap_outer.o)
    0x08005dca   0x00000012   Code   RO         1060    .text               c_w.l(exit.o)
    0x08005ddc   0x00000080   Code   RO         1062    .text               c_w.l(strcmpv7m.o)
    0x08005e5c   0x0000003e   Code   RO         1021    CL$$btod_d2e        c_w.l(btod.o)
    0x08005e9a   0x00000046   Code   RO         1023    CL$$btod_d2e_denorm_low  c_w.l(btod.o)
    0x08005ee0   0x00000060   Code   RO         1022    CL$$btod_d2e_norm_op1  c_w.l(btod.o)
    0x08005f40   0x00000338   Code   RO         1031    CL$$btod_div_common  c_w.l(btod.o)
    0x08006278   0x000000c6   Code   RO         1028    CL$$btod_e2e        c_w.l(btod.o)
    0x0800633e   0x00000028   Code   RO         1025    CL$$btod_ediv       c_w.l(btod.o)
    0x08006366   0x00000028   Code   RO         1024    CL$$btod_emul       c_w.l(btod.o)
    0x0800638e   0x00000244   Code   RO         1030    CL$$btod_mult_common  c_w.l(btod.o)
    0x080065d2   0x00000028   Code   RO         1053    i.__ARM_fpclassify  m_ws.l(fpclassify.o)
    0x080065fa   0x0000000e   Code   RO          855    i._is_digit         c_w.l(__printf_wp.o)
    0x08006608   0x0000002c   Code   RO         1046    locale$$code        c_w.l(lc_ctype_c.o)
    0x08006634   0x0000002c   Code   RO         1049    locale$$code        c_w.l(lc_numeric_c.o)
    0x08006660   0x00000062   Code   RO          881    x$fpl$d2f           fz_ws.l(d2f.o)
    0x080066c2   0x00000002   PAD
    0x080066c4   0x000002b0   Code   RO          884    x$fpl$ddiv          fz_ws.l(ddiv.o)
    0x08006974   0x0000002e   Code   RO          888    x$fpl$dflt          fz_ws.l(dflt_clz.o)
    0x080069a2   0x00000002   PAD
    0x080069a4   0x00000154   Code   RO          893    x$fpl$dmul          fz_ws.l(dmul.o)
    0x08006af8   0x0000009c   Code   RO          977    x$fpl$dnaninf       fz_ws.l(dnaninf.o)
    0x08006b94   0x0000000c   Code   RO          979    x$fpl$dretinf       fz_ws.l(dretinf.o)
    0x08006ba0   0x00000056   Code   RO          895    x$fpl$f2d           fz_ws.l(f2d.o)
    0x08006bf6   0x00000002   PAD
    0x08006bf8   0x000000c4   Code   RO          897    x$fpl$fadd          fz_ws.l(faddsub_clz.o)
    0x08006cbc   0x00000018   Code   RO          981    x$fpl$fcmpinf       fz_ws.l(fcmpi.o)
    0x08006cd4   0x00000184   Code   RO          904    x$fpl$fdiv          fz_ws.l(fdiv.o)
    0x08006e58   0x00000036   Code   RO          907    x$fpl$ffix          fz_ws.l(ffix.o)
    0x08006e8e   0x00000002   PAD
    0x08006e90   0x00000030   Code   RO          912    x$fpl$fflt          fz_ws.l(fflt_clz.o)
    0x08006ec0   0x00000068   Code   RO          917    x$fpl$fleqf         fz_ws.l(fleqf.o)
    0x08006f28   0x00000102   Code   RO          919    x$fpl$fmul          fz_ws.l(fmul.o)
    0x0800702a   0x0000008c   Code   RO          983    x$fpl$fnaninf       fz_ws.l(fnaninf.o)
    0x080070b6   0x0000000a   Code   RO          985    x$fpl$fretinf       fz_ws.l(fretinf.o)
    0x080070c0   0x00000062   Code   RO          921    x$fpl$frleqf        fz_ws.l(frleqf.o)
    0x08007122   0x00000014   Code   RO          898    x$fpl$frsb          fz_ws.l(faddsub_clz.o)
    0x08007136   0x00000002   PAD
    0x08007138   0x000000ea   Code   RO          899    x$fpl$fsub          fz_ws.l(faddsub_clz.o)
    0x08007222   0x00000004   Code   RO          923    x$fpl$printf1       fz_ws.l(printf1.o)
    0x08007226   0x00000000   Code   RO          987    x$fpl$usenofp       fz_ws.l(usenofp.o)
    0x08007226   0x00000818   Data   RO          616    .constdata          oled_i2c.o
    0x08007a3e   0x00000028   Data   RO          843    .constdata          c_w.l(_printf_hex_int_ll_ptr.o)
    0x08007a66   0x00000011   Data   RO          863    .constdata          c_w.l(__printf_flags_ss_wp.o)
    0x08007a77   0x00000001   PAD
    0x08007a78   0x00000008   Data   RO          947    .constdata          c_w.l(_printf_wctomb.o)
    0x08007a80   0x00000094   Data   RO         1019    .constdata          c_w.l(bigflt0.o)
    0x08007b14   0x00000020   Data   RO         1190    Region$$Table       anon$$obj.o
    0x08007b34   0x00000110   Data   RO         1045    locale$$data        c_w.l(lc_ctype_c.o)
    0x08007c44   0x0000001c   Data   RO         1048    locale$$data        c_w.l(lc_numeric_c.o)


    Execution Region RW_IRAM1 (Base: 0x20000000, Size: 0x000010a8, Max: 0x00005000, ABSOLUTE, COMPRESSED[0x00000300])

    Base Addr    Size         Type   Attr      Idx    E Section Name        Object

    0x20000000   0x00000014   Data   RW          291    .data               stm32f10x_rcc.o
    0x20000014   0x00000078   Data   RW          452    .data               motor4.o
    0x2000008c   0x0000000c   Data   RW          483    .data               encod.o
    0x20000098   0x00000001   Data   RW          502    .data               uwb.o
    0x20000099   0x00000003   PAD
    0x2000009c   0x00000078   Data   RW          581    .data               control.o
    0x20000114   0x000005e0   Data   RW          617    .data               oled_i2c.o
    0x200006f4   0x00000014   Data   RW          722    .data               system_stm32f10x.o
    0x20000708   0x00000008   Data   RW          740    .data               delay.o
    0x20000710   0x00000218   Zero   RW          501    .bss                uwb.o
    0x20000928   0x00000020   Zero   RW          635    .bss                data_display.o
    0x20000948   0x00000100   Zero   RW          781    .bss                hal_usart.o
    0x20000a48   0x00000060   Zero   RW         1056    .bss                c_w.l(libspace.o)
    0x20000aa8   0x00000200   Zero   RW           18    HEAP                startup_stm32f10x_md.o
    0x20000ca8   0x00000400   Zero   RW           17    STACK               startup_stm32f10x_md.o


==============================================================================

Image component sizes


      Code (inc. data)   RO Data    RW Data    ZI Data      Debug   Object Name

        88          6          0          0          0        618   beep.o
       976        114          0        120          0       5004   control.o
         0          0          0          0          0       4532   core_cm3.o
       568         70          0          0         32       1623   data_display.o
       248         22          0          8          0      16738   delay.o
      1504         50          0         12          0       4333   encod.o
       672         20          0          0        256       5557   hal_usart.o
       160          6          0          0          0        660   led.o
        74          0          0          0          0        479   main.o
       220         22          0          0          0     258281   misc.o
      2332        176          0        120          0       7217   motor4.o
      1068         32       2072       1504          0       4249   oled_i2c.o
       656         96          0          0          0       4231   osal.o
        64         26        236          0       1536        780   startup_stm32f10x_md.o
       596          8          0          0          0       4294   stm32f10x_dma.o
       284         10          0          0          0       4335   stm32f10x_exti.o
       860         38          0          0          0       5665   stm32f10x_gpio.o
      1028         16          0          0          0      17087   stm32f10x_i2c.o
       260         34          0          0          0       1977   stm32f10x_it.o
        64          6          0          0          0       1249   stm32f10x_iwdg.o
       932         36          0         20          0       8824   stm32f10x_rcc.o
      3610         88          0          0          0      22772   stm32f10x_tim.o
      1032         22          0          0          0       8388   stm32f10x_usart.o
       480         38          0         20          0       1755   system_stm32f10x.o
       880         18          0          0          0       2848   timer.o
       828         24          0          1        536       4411   uwb.o

    ----------------------------------------------------------------------
     19488        978       2340       1808       2360     397907   Object Totals
         0          0         32          0          0          0   (incl. Generated)
         4          0          0          3          0          0   (incl. Padding)

    ----------------------------------------------------------------------

      Code (inc. data)   RO Data    RW Data    ZI Data      Debug   Library Member Name

        44          6          0          0          0         84   __2sprintf.o
        90          0          0          0          0          0   __dczerorl2.o
         8          0          0          0          0         68   __main.o
       392          4         17          0          0         92   __printf_flags_ss_wp.o
        14          0          0          0          0         68   __printf_wp.o
         0          0          0          0          0          0   __rtentry.o
        12          0          0          0          0          0   __rtentry2.o
         6          0          0          0          0          0   __rtentry4.o
        52          8          0          0          0          0   __scatter.o
        28          0          0          0          0          0   __scatter_zi.o
         6          0          0          0          0          0   _printf_a.o
         6          0          0          0          0          0   _printf_c.o
        44          0          0          0          0        108   _printf_char.o
        48          6          0          0          0         96   _printf_char_common.o
        40          0          0          0          0         68   _printf_charcount.o
         6          0          0          0          0          0   _printf_d.o
       120         16          0          0          0         92   _printf_dec.o
         6          0          0          0          0          0   _printf_e.o
         6          0          0          0          0          0   _printf_f.o
      1050          0          0          0          0        216   _printf_fp_dec.o
       128         16          0          0          0         84   _printf_fp_infnan.o
         6          0          0          0          0          0   _printf_g.o
       148          4         40          0          0        160   _printf_hex_int_ll_ptr.o
         6          0          0          0          0          0   _printf_i.o
       178          0          0          0          0         88   _printf_intcommon.o
        10          0          0          0          0          0   _printf_l.o
         6          0          0          0          0          0   _printf_lc.o
        10          0          0          0          0          0   _printf_ll.o
         6          0          0          0          0          0   _printf_lld.o
         6          0          0          0          0          0   _printf_lli.o
         6          0          0          0          0          0   _printf_llo.o
         6          0          0          0          0          0   _printf_llu.o
         6          0          0          0          0          0   _printf_llx.o
       124         16          0          0          0         92   _printf_longlong_dec.o
         6          0          0          0          0          0   _printf_ls.o
         6          0          0          0          0          0   _printf_n.o
         6          0          0          0          0          0   _printf_o.o
       112          8          0          0          0        124   _printf_oct_int_ll.o
         6          0          0          0          0          0   _printf_p.o
        78          0          0          0          0        108   _printf_pad.o
         0          0          0          0          0          0   _printf_percent.o
         4          0          0          0          0          0   _printf_percent_end.o
         6          0          0          0          0          0   _printf_s.o
        82          0          0          0          0         80   _printf_str.o
        36          0          0          0          0         84   _printf_truncate.o
         6          0          0          0          0          0   _printf_u.o
        44          0          0          0          0        108   _printf_wchar.o
       188          6          8          0          0         92   _printf_wctomb.o
         6          0          0          0          0          0   _printf_x.o
        16          0          0          0          0         68   _snputc.o
        10          0          0          0          0         68   _sputc.o
        64          0          0          0          0         92   _wcrtomb.o
       220          4        148          0          0         96   bigflt0.o
      1910        128          0          0          0        672   btod.o
        52          4          0          0          0         80   c89vsnprintf.o
        18          0          0          0          0         80   exit.o
         6          0          0          0          0        152   heapauxi.o
        44         10        272          0          0         76   lc_ctype_c.o
        44         10         28          0          0         76   lc_numeric_c.o
         2          0          0          0          0          0   libinit.o
        30          0          0          0          0          0   libinit2.o
         2          0          0          0          0          0   libshutdown.o
         2          0          0          0          0          0   libshutdown2.o
         8          4          0          0         96         68   libspace.o
       138          0          0          0          0         80   lludiv10.o
        16          4          0          0          0         76   rt_ctype_table.o
         8          4          0          0          0         68   rt_locale_intlibspace.o
        68          0          0          0          0         68   rt_memclr.o
        78          0          0          0          0         80   rt_memclr_w.o
       138          0          0          0          0         68   rt_memcpy_v6.o
       100          0          0          0          0         80   rt_memcpy_w.o
         2          0          0          0          0          0   rtexit.o
        10          0          0          0          0          0   rtexit2.o
       128          0          0          0          0         68   strcmpv7m.o
        74          0          0          0          0         80   sys_stackheap_outer.o
        30          0          0          0          0         76   toupper.o
         2          0          0          0          0         68   use_no_semi.o
         2          0          0          0          0         68   use_no_semi_2.o
        98          4          0          0          0         92   d2f.o
       688        140          0          0          0        208   ddiv.o
        46          0          0          0          0         68   dflt_clz.o
       340         12          0          0          0        104   dmul.o
       156          4          0          0          0         92   dnaninf.o
        12          0          0          0          0         68   dretinf.o
        86          4          0          0          0         84   f2d.o
       450          8          0          0          0        236   faddsub_clz.o
        24          0          0          0          0         68   fcmpi.o
       388         76          0          0          0         96   fdiv.o
        54          4          0          0          0         84   ffix.o
        48          0          0          0          0         68   fflt_clz.o
       104          4          0          0          0         84   fleqf.o
       258          4          0          0          0         84   fmul.o
       140          4          0          0          0         84   fnaninf.o
        10          0          0          0          0         68   fretinf.o
        98          0          0          0          0         68   frleqf.o
         4          0          0          0          0         68   printf1.o
         0          0          0          0          0          0   usenofp.o
        40          0          0          0          0         68   fpclassify.o

    ----------------------------------------------------------------------
      9498        522        514          0         96       6112   Library Totals
        22          0          1          0          0          0   (incl. Padding)

    ----------------------------------------------------------------------

      Code (inc. data)   RO Data    RW Data    ZI Data      Debug   Library Name

      6432        258        513          0         96       4320   c_w.l
      3004        264          0          0          0       1724   fz_ws.l
        40          0          0          0          0         68   m_ws.l

    ----------------------------------------------------------------------
      9498        522        514          0         96       6112   Library Totals

    ----------------------------------------------------------------------

==============================================================================


      Code (inc. data)   RO Data    RW Data    ZI Data      Debug   

     28986       1500       2854       1808       2456     398087   Grand Totals
     28986       1500       2854        768       2456     398087   ELF Image Totals (compressed)
     28986       1500       2854        768          0          0   ROM Totals

==============================================================================

    Total RO  Size (Code + RO Data)                31840 (  31.09kB)
    Total RW  Size (RW Data + ZI Data)              4264 (   4.16kB)
    Total ROM Size (Code + RO Data + RW Data)      32608 (  31.84kB)

==============================================================================

