<html>
<body>
<pre>
<h1>礦ision Build Log</h1>
<h2>Project:</h2>
D:\产品资料\7.双电机车模资料\4.智能车项目控制源码\1.单个舵机控制程序\Servor_Module.uvproj
Project File Date:  07/31/2018

<h2>Output:</h2>
Build target 'Servor_Module'
compiling core_cm3.c...
compiling misc.c...
compiling stm32f10x_adc.c...
compiling stm32f10x_bkp.c...
compiling stm32f10x_can.c...
compiling stm32f10x_cec.c...
compiling stm32f10x_crc.c...
compiling stm32f10x_dac.c...
compiling stm32f10x_dbgmcu.c...
compiling stm32f10x_dma.c...
compiling stm32f10x_exti.c...
compiling stm32f10x_flash.c...
compiling stm32f10x_fsmc.c...
compiling stm32f10x_gpio.c...
compiling stm32f10x_i2c.c...
compiling stm32f10x_iwdg.c...
compiling stm32f10x_pwr.c...
compiling stm32f10x_rcc.c...
compiling stm32f10x_rtc.c...
compiling stm32f10x_sdio.c...
compiling stm32f10x_spi.c...
compiling stm32f10x_tim.c...
compiling stm32f10x_usart.c...
compiling stm32f10x_wwdg.c...
compiling beep.c...
HARDWARE\Beep\beep.c(33): warning:  #1-D: last line of file ends without a newline
compiling common.c...
compiling led.c...
compiling servor.c...
HARDWARE\Servo\servor.c(2): error:  #5: cannot open source input file "usart.h": No such file or directory
compiling timer.c...
compiling main.c...
compiling stm32f10x_it.c...
USER\stm32f10x_it.c(27): error:  #5: cannot open source input file "usart.h": No such file or directory
compiling system_stm32f10x.c...
compiling delay.c...
compiling sys.c...
Target not created
Build target 'Servor_Module'
compiling servor.c...
compiling stm32f10x_it.c...
USER\stm32f10x_it.c(27): error:  #5: cannot open source input file "usart.h": No such file or directory
Target not created
Build target 'Servor_Module'
compiling stm32f10x_it.c...
linking...
Program Size: Code=7720 RO-data=268 RW-data=56 ZI-data=1632  
FromELF: creating hex file...
".\Output\Servor_Module.axf" - 0 Error(s), 0 Warning(s).
Build target 'Servor_Module'
linking...
Program Size: Code=7720 RO-data=268 RW-data=56 ZI-data=1632  
FromELF: creating hex file...
".\Output\Servor_Module.axf" - 0 Error(s), 0 Warning(s).
