<html>
<body>
<pre>
<h1>礦ision Build Log</h1>
<h2>Tool Versions:</h2>
IDE-Version: μVision V5.20.0.0
Copyright (C) 2016 ARM Ltd and ARM Germany GmbH. All rights reserved.
License Information: 1 百分百, 1, LIC=EXJEV-PQ420-SY2VA-1AUIM-68JHP-UEFZ1
 
Tool Versions:
Toolchain:       MDK-ARM Plus  Version: 5.20
Toolchain Path:  D:\tool\ARM\ARMCC\Bin
C Compiler:      Armcc.exe V5.06 update 2 (build 183)
Assembler:       Armasm.exe V5.06 update 2 (build 183)
Linker/Locator:  ArmLink.exe V5.06 update 2 (build 183)
Library Manager: ArmAr.exe V5.06 update 2 (build 183)
Hex Converter:   FromElf.exe V5.06 update 2 (build 183)
CPU DLL:         SARMCM3.DLL V5.20
Dialog DLL:      DCM.DLL V1.13.7.0
Target DLL:      STLink\ST-LINKIII-KEIL_SWO.dll V2.0.18.0
Dialog DLL:      TCM.DLL V1.14.9.0
 
<h2>Project:</h2>
C:\Users\百分百\Desktop\两轮驱动 跟随小车代码\Servor_Module.uvprojx
Project File Date:  03/27/2021

<h2>Output:</h2>
*** Using Compiler 'V5.06 update 2 (build 183)', folder: 'D:\tool\ARM\ARMCC\Bin'
Build target 'Servor_Module'
compiling motor4.c...
HARDWARE\motor4\motor4.c(339): warning:  #1-D: last line of file ends without a newline
  }
HARDWARE\motor4\motor4.c: 1 warning, 0 errors
linking...
Program Size: Code=28986 RO-data=2854 RW-data=1808 ZI-data=2456  
FromELF: creating hex file...
".\Output\Servor_Module.axf" - 0 Error(s), 1 Warning(s).

<h2>Software Packages used:</h2>

Package Vendor: ARM
                http://www.keil.com/pack/ARM.CMSIS.4.5.0.pack
                ARM::CMSIS:CORE:4.3.0
                CMSIS (Cortex Microcontroller Software Interface Standard)
   * Component: CORE Version: 4.3.0

<h2>Collection of Component include folders:</h2>
  C:\Users\百分百\Desktop\两轮驱动 跟随小车代码\RTE
  D:\tool\ARM\PACK\ARM\CMSIS\4.5.0\CMSIS\Include
  D:\tool\ARM\PACK\Keil\STM32F1xx_DFP\2.3.0\Device\Include

<h2>Collection of Component Files used:</h2>

   * Component: ARM::CMSIS:CORE:4.3.0
Build Time Elapsed:  00:00:01
</pre>
</body>
</html>
